<html>
<body>
<pre>
<h1>µVision Build Log</h1>
<h2>Tool Versions:</h2>
IDE-Version: ¦ÌVision V5.22.0.0
Copyright (C) 2016 ARM Ltd and ARM Germany GmbH. All rights reserved.
License Information: we we, we, LIC=EXJEV-PS3YS-H8VFS-LCJBS-BKKDT-P4B3K
 
Tool Versions:
Toolchain:       MDK-ARM Plus  Version: 5.22
Toolchain Path:  G:\KEIL5\ARM\ARMCC\Bin
C Compiler:      Armcc.exe V5.06 update 4 (build 422)
Assembler:       Armasm.exe V5.06 update 4 (build 422)
Linker/Locator:  ArmLink.exe V5.06 update 4 (build 422)
Library Manager: ArmAr.exe V5.06 update 4 (build 422)
Hex Converter:   FromElf.exe V5.06 update 4 (build 422)
CPU DLL:         SARMCM3.DLL V5.22
Dialog DLL:      DCM.DLL V1.13.9.0
Target DLL:      CMSIS_AGDI.dll V1.27.0.0
Dialog DLL:      TCM.DLL V1.21.0.0
 
<h2>Project:</h2>
G:\RTtread\rt-thread-3.0.3\bsp\F4-NRF24-Salve -button\project.uvprojx
Project File Date:  06/29/2018

<h2>Output:</h2>
*** Using Compiler 'V5.06 update 4 (build 422)', folder: 'G:\KEIL5\ARM\ARMCC\Bin'
Build target 'rt-thread_stm32f4xx'
compiling app_nrf24l01.c...
linking...
Program Size: Code=72004 RO-data=9704 RW-data=584 ZI-data=8256  
After Build - User command #1: fromelf --bin .\build\rtthread-stm32f4xx.axf --output rtthread-stm32f4xx.bin
".\build\rtthread-stm32f4xx.axf" - 0 Error(s), 0 Warning(s).

<h2>Collection of Component include folders:</h2>
  G:\RTtread\rt-thread-3.0.3\bsp\F4-NRF24-Salve -button\RTE\_rt-thread_stm32f4xx
  G:\KEIL5\ARM\PACK\Keil\STM32F4xx_DFP\2.10.0\Drivers\CMSIS\Device\ST\STM32F4xx\Include

<h2>Collection of Component Files used:</h2>
Build Time Elapsed:  00:00:02
</pre>
</body>
</html>
