Component: ARM Compiler 5.06 update 4 (build 422) Tool: armlink [4d35d2]

==============================================================================

Section Cross References

    bsp_led.o(.text) refers to pin.o(.text) for rt_pin_mode
    bsp_led.o(.text) refers to timer.o(.text) for rt_timer_start
    bsp_led.o(.text) refers to kservice.o(.text) for rt_kprintf
    bsp_led.o(.text) refers to thread.o(.text) for rt_thread_create
    bsp_led.o(.text) refers to bsp_led.o(.bss) for timer_test
    bsp_led.o(.text) refers to bsp_led.o(.data) for timeout_value
    bsp_led.o(.rti_fn.6) refers to bsp_led.o(.text) for rt_led_init
    app_nrf24l01.o(.text) refers to drv_nrf24.o(.text) for nrf24lxx_data_packet
    app_nrf24l01.o(.text) refers to kservice.o(.text) for rt_kprintf
    app_nrf24l01.o(.text) refers to thread.o(.text) for rt_thread_delay
    app_nrf24l01.o(.text) refers to app_nrf24l01.o(.data) for tmp_buf
    app_nrf24l01.o(.rti_fn.6) refers to app_nrf24l01.o(.text) for rt_nrf_receive_data_init
    app_command.o(.text) refers to kservice.o(.text) for rt_kprintf
    app_command.o(.text) refers to thread.o(.text) for rt_thread_create
    app_command.o(.text) refers to app_nrf24l01.o(.data) for cmd
    app_command.o(.rti_fn.6) refers to app_command.o(.text) for rt_command_data_init
    board.o(.text) refers to stm32f4xx_hal_rcc.o(.text) for HAL_RCC_OscConfig
    board.o(.text) refers to stm32f4xx_hal_cortex.o(.text) for HAL_SYSTICK_Config
    board.o(.text) refers to irq.o(.text) for rt_interrupt_enter
    board.o(.text) refers to stm32f4xx_hal.o(.text) for HAL_IncTick
    board.o(.text) refers to clock.o(.text) for rt_tick_increase
    board.o(.text) refers to thread.o(.text) for rt_thread_delay
    board.o(.text) refers to mem.o(.text) for rt_system_heap_init
    board.o(.text) refers to components.o(.text) for rt_components_board_init
    board.o(.text) refers to kservice.o(.text) for rt_console_set_device
    drv_gpio.o(.text) refers to stm32f4xx_hal_gpio.o(.text) for HAL_GPIO_WritePin
    drv_gpio.o(.text) refers to context_rvds.o(.text) for rt_hw_interrupt_disable
    drv_gpio.o(.text) refers to stm32f4xx_hal_cortex.o(.text) for HAL_NVIC_SetPriority
    drv_gpio.o(.text) refers to drv_gpio.o(.constdata) for pins
    drv_gpio.o(.text) refers to drv_gpio.o(.data) for pin_irq_hdr_tab
    drv_gpio.o(.text) refers to pin.o(.text) for rt_device_pin_register
    drv_gpio.o(.text) refers to irq.o(.text) for rt_interrupt_enter
    drv_gpio.o(.constdata) refers to drv_gpio.o(.text) for GPIOE_CLK_ENABLE
    drv_gpio.o(.rti_fn.1) refers to drv_gpio.o(.text) for rt_hw_pin_init
    drv_spi.o(.text) refers to stm32f4xx_hal_rcc.o(.text) for HAL_RCC_GetPCLK2Freq
    drv_spi.o(.text) refers to stm32f4xx_hal_spi.o(.text) for HAL_SPI_Init
    drv_spi.o(.text) refers to kservice.o(.text) for rt_assert_handler
    drv_spi.o(.text) refers to pin.o(.text) for rt_pin_write
    drv_spi.o(.text) refers to spi_core.o(.text) for rt_spi_bus_register
    drv_spi.o(.text) refers to mem.o(.text) for rt_malloc
    drv_spi.o(.text) refers to stm32f4xx_hal_gpio.o(.text) for HAL_GPIO_Init
    drv_spi.o(.text) refers to drv_spi.o(.constdata) for __FUNCTION__
    drv_spi.o(.text) refers to drv_spi.o(.bss) for _spi_bus1
    drv_spi.o(.text) refers to drv_spi.o(.data) for _spi1
    drv_spi.o(.constdata) refers to drv_spi.o(.text) for spi_configure
    drv_spi.o(.rti_fn.1) refers to drv_spi.o(.text) for stm32_hw_spi_init
    drv_usart.o(.text) refers to kservice.o(.text) for rt_assert_handler
    drv_usart.o(.text) refers to stm32f4xx_hal_uart.o(.text) for HAL_UART_Init
    drv_usart.o(.text) refers to irq.o(.text) for rt_interrupt_enter
    drv_usart.o(.text) refers to serial.o(.text) for rt_hw_serial_isr
    drv_usart.o(.text) refers to stm32f4xx_hal_gpio.o(.text) for HAL_GPIO_Init
    drv_usart.o(.text) refers to drv_usart.o(.constdata) for __FUNCTION__
    drv_usart.o(.text) refers to drv_usart.o(.bss) for uart1
    drv_usart.o(.constdata) refers to drv_usart.o(.text) for drv_configure
    drv_usart.o(.rti_fn.1) refers to drv_usart.o(.text) for hw_usart_init
    drv_nrf24.o(.text) refers to spi_core.o(.text) for rt_spi_send_then_recv
    drv_nrf24.o(.text) refers to kservice.o(.text) for rt_kprintf
    drv_nrf24.o(.text) refers to pin.o(.text) for rt_pin_write
    drv_nrf24.o(.text) refers to thread.o(.text) for rt_thread_delay
    drv_nrf24.o(.text) refers to drv_nrf24.o(.bss) for nrf_device
    drv_nrf24.o(.text) refers to drv_nrf24.o(.constdata) for __FUNCTION__
    drv_nrf24.o(.text) refers to drv_nrf24.o(.data) for spi_cs
    drv_nrf24.o(.rti_fn.6) refers to drv_nrf24.o(.text) for rt_hw_nrf_init
    system_stm32f4xx.o(.text) refers to system_stm32f4xx.o(.data) for SystemCoreClock
    system_stm32f4xx.o(.text) refers to system_stm32f4xx.o(.constdata) for AHBPrescTable
    startup_stm32f407xx.o(STACK) refers (Special) to heapauxi.o(.text) for __use_two_region_memory
[...]
    HAL_UART_DeInit                          0x080051c3   Thumb Code    46  stm32f4xx_hal_uart.o(.text)
    HAL_UART_Transmit                        0x0800525d   Thumb Code   214  stm32f4xx_hal_uart.o(.text)
    HAL_UART_Receive                         0x08005333   Thumb Code   222  stm32f4xx_hal_uart.o(.text)
    HAL_UART_Transmit_IT                     0x08005411   Thumb Code    88  stm32f4xx_hal_uart.o(.text)
    HAL_UART_Receive_IT                      0x08005469   Thumb Code   100  stm32f4xx_hal_uart.o(.text)
    HAL_UART_ErrorCallback                   0x080054cd   Thumb Code     2  stm32f4xx_hal_uart.o(.text)
    HAL_UART_TxHalfCpltCallback              0x08005553   Thumb Code     2  stm32f4xx_hal_uart.o(.text)
    HAL_UART_TxCpltCallback                  0x08005563   Thumb Code     2  stm32f4xx_hal_uart.o(.text)
    HAL_UART_Transmit_DMA                    0x0800559b   Thumb Code   142  stm32f4xx_hal_uart.o(.text)
    HAL_UART_RxHalfCpltCallback              0x08005629   Thumb Code     2  stm32f4xx_hal_uart.o(.text)
    HAL_UART_RxCpltCallback                  0x08005639   Thumb Code     2  stm32f4xx_hal_uart.o(.text)
    HAL_UART_Receive_DMA                     0x08005681   Thumb Code   182  stm32f4xx_hal_uart.o(.text)
    HAL_UART_DMAPause                        0x08005737   Thumb Code   124  stm32f4xx_hal_uart.o(.text)
    HAL_UART_DMAResume                       0x080057b3   Thumb Code   126  stm32f4xx_hal_uart.o(.text)
    HAL_UART_DMAStop                         0x08005831   Thumb Code   102  stm32f4xx_hal_uart.o(.text)
    HAL_UART_Abort                           0x08005897   Thumb Code   126  stm32f4xx_hal_uart.o(.text)
    HAL_UART_AbortTransmit                   0x08005915   Thumb Code    68  stm32f4xx_hal_uart.o(.text)
    HAL_UART_AbortReceive                    0x08005959   Thumb Code    80  stm32f4xx_hal_uart.o(.text)
    HAL_UART_AbortCpltCallback               0x080059a9   Thumb Code     2  stm32f4xx_hal_uart.o(.text)
    HAL_UART_Abort_IT                        0x08005a29   Thumb Code   208  stm32f4xx_hal_uart.o(.text)
    HAL_UART_AbortTransmitCpltCallback       0x08005af9   Thumb Code     2  stm32f4xx_hal_uart.o(.text)
    HAL_UART_AbortTransmit_IT                0x08005b13   Thumb Code   102  stm32f4xx_hal_uart.o(.text)
    HAL_UART_AbortReceiveCpltCallback        0x08005b79   Thumb Code     2  stm32f4xx_hal_uart.o(.text)
    HAL_UART_AbortReceive_IT                 0x08005b93   Thumb Code   114  stm32f4xx_hal_uart.o(.text)
    HAL_UART_IRQHandler                      0x08005d3b   Thumb Code   348  stm32f4xx_hal_uart.o(.text)
    HAL_LIN_SendBreak                        0x08005e97   Thumb Code    62  stm32f4xx_hal_uart.o(.text)
    HAL_MultiProcessor_EnterMuteMode         0x08005ed5   Thumb Code    62  stm32f4xx_hal_uart.o(.text)
    HAL_MultiProcessor_ExitMuteMode          0x08005f13   Thumb Code    62  stm32f4xx_hal_uart.o(.text)
    HAL_HalfDuplex_EnableTransmitter         0x08005f51   Thumb Code    68  stm32f4xx_hal_uart.o(.text)
    HAL_HalfDuplex_EnableReceiver            0x08005f95   Thumb Code    68  stm32f4xx_hal_uart.o(.text)
    HAL_UART_GetState                        0x08005fd9   Thumb Code    20  stm32f4xx_hal_uart.o(.text)
    HAL_UART_GetError                        0x08005fed   Thumb Code     6  stm32f4xx_hal_uart.o(.text)
    rt_system_tick_init                      0x08005ff5   Thumb Code     2  clock.o(.text)
    rt_tick_get                              0x08005ff7   Thumb Code     6  clock.o(.text)
    rt_tick_set                              0x08005ffd   Thumb Code    22  clock.o(.text)
    rt_tick_increase                         0x08006013   Thumb Code    42  clock.o(.text)
    rt_tick_from_millisecond                 0x0800603d   Thumb Code    30  clock.o(.text)
    rt_components_board_init                 0x08006071   Thumb Code    20  components.o(.text)
    rt_components_init                       0x08006085   Thumb Code    20  components.o(.text)
    main_thread_entry                        0x08006099   Thumb Code    14  components.o(.text)
    rt_application_init                      0x080060a7   Thumb Code    48  components.o(.text)
    rtthread_startup                         0x080060d7   Thumb Code    42  components.o(.text)
    main                                     0x08006101   Thumb Code    14  components.o(.text)
    rt_device_find                           0x08006139   Thumb Code    94  device.o(.text)
    rt_device_register                       0x08006197   Thumb Code    52  device.o(.text)
    rt_device_unregister                     0x080061cb   Thumb Code    26  device.o(.text)
    rt_device_init_all                       0x080061e5   Thumb Code     4  device.o(.text)
    rt_device_create                         0x080061e9   Thumb Code    40  device.o(.text)
    rt_device_destroy                        0x08006211   Thumb Code    18  device.o(.text)
    rt_device_init                           0x08006223   Thumb Code    64  device.o(.text)
    rt_device_open                           0x08006263   Thumb Code   150  device.o(.text)
    rt_device_close                          0x080062f9   Thumb Code    70  device.o(.text)
    rt_device_read                           0x0800633f   Thumb Code    76  device.o(.text)
    rt_device_write                          0x0800638b   Thumb Code    76  device.o(.text)
    rt_device_control                        0x080063d7   Thumb Code    44  device.o(.text)
    rt_device_set_rx_indicate                0x08006403   Thumb Code    26  device.o(.text)
    rt_device_set_tx_complete                0x0800641d   Thumb Code    26  device.o(.text)
    rt_thread_idle_sethook                   0x080064d5   Thumb Code     6  idle.o(.text)
    rt_thread_idle_excute                    0x080064db   Thumb Code   168  idle.o(.text)
    rt_thread_idle_init                      0x08006597   Thumb Code    38  idle.o(.text)
    rt_thread_idle_gethandler                0x080065bd   Thumb Code     4  idle.o(.text)
    rt_sem_init                              0x080066c9   Thumb Code    50  ipc.o(.text)
    rt_sem_detach                            0x080066fb   Thumb Code    34  ipc.o(.text)
    rt_sem_create                            0x0800671d   Thumb Code    84  ipc.o(.text)
    rt_sem_delete                            0x08006771   Thumb Code    78  ipc.o(.text)
    rt_sem_take                              0x080067bf   Thumb Code   266  ipc.o(.text)
    rt_sem_trytake                           0x080068c9   Thumb Code    14  ipc.o(.text)
    rt_sem_release                           0x080068d7   Thumb Code    80  ipc.o(.text)
    rt_sem_control                           0x08006927   Thumb Code    68  ipc.o(.text)
    rt_mutex_init                            0x0800696b   Thumb Code    58  ipc.o(.text)
    rt_mutex_detach                          0x080069a5   Thumb Code    36  ipc.o(.text)
    rt_mutex_create                          0x080069c9   Thumb Code    96  ipc.o(.text)
    rt_mutex_delete                          0x08006a29   Thumb Code    78  ipc.o(.text)
    rt_mutex_take                            0x08006a77   Thumb Code   538  ipc.o(.text)
    rt_mutex_release                         0x08006c91   Thumb Code   272  ipc.o(.text)
    rt_mutex_control                         0x08006da1   Thumb Code     8  ipc.o(.text)
    rt_event_init                            0x08006da9   Thumb Code    46  ipc.o(.text)
    rt_event_detach                          0x08006dd7   Thumb Code    36  ipc.o(.text)
    rt_event_create                          0x08006dfb   Thumb Code    88  ipc.o(.text)
    rt_event_delete                          0x08006e53   Thumb Code    82  ipc.o(.text)
    rt_event_send                            0x08006ea5   Thumb Code   272  ipc.o(.text)
    rt_event_recv                            0x08006fb5   Thumb Code   380  ipc.o(.text)
    rt_event_control                         0x08007131   Thumb Code    70  ipc.o(.text)
    rt_mb_init                               0x08007177   Thumb Code    76  ipc.o(.text)
    rt_mb_detach                             0x080071c3   Thumb Code    44  ipc.o(.text)
    rt_mb_create                             0x080071ef   Thumb Code   128  ipc.o(.text)
    rt_mb_delete                             0x0800726f   Thumb Code    96  ipc.o(.text)
    rt_mb_send_wait                          0x080072cf   Thumb Code   436  ipc.o(.text)
    rt_mb_send                               0x08007483   Thumb Code    18  ipc.o(.text)
    rt_mb_recv                               0x08007495   Thumb Code   412  ipc.o(.text)
    rt_mb_control                            0x08007631   Thumb Code    82  ipc.o(.text)
    rt_mq_init                               0x08007683   Thumb Code   118  ipc.o(.text)
    rt_mq_detach                             0x080076f9   Thumb Code    36  ipc.o(.text)
    rt_mq_delete                             0x0800771d   Thumb Code    88  ipc.o(.text)
    rt_mq_create                             0x08007775   Thumb Code   174  ipc.o(.text)
    rt_mq_send                               0x08007823   Thumb Code   290  ipc.o(.text)
    rt_mq_urgent                             0x08007945   Thumb Code   198  ipc.o(.text)
    rt_mq_recv                               0x08007a0b   Thumb Code   438  ipc.o(.text)
    rt_mq_control                            0x08007bc1   Thumb Code    98  ipc.o(.text)
    rt_interrupt_enter_sethook               0x08007c79   Thumb Code     6  irq.o(.text)
    rt_interrupt_leave_sethook               0x08007c7f   Thumb Code     6  irq.o(.text)
    rt_interrupt_enter                       0x08007c85   Thumb Code    46  irq.o(.text)
    rt_interrupt_leave                       0x08007cb3   Thumb Code    46  irq.o(.text)
    rt_interrupt_get_nest                    0x08007ce1   Thumb Code     6  irq.o(.text)
    rt_get_errno                             0x08007cf5   Thumb Code    32  kservice.o(.text)
    rt_set_errno                             0x08007d15   Thumb Code    36  kservice.o(.text)
    _rt_errno                                0x08007d39   Thumb Code    30  kservice.o(.text)
    rt_memset                                0x08007d57   Thumb Code    72  kservice.o(.text)
    rt_memcpy                                0x08007d9f   Thumb Code   124  kservice.o(.text)
    rt_memmove                               0x08007e1b   Thumb Code    66  kservice.o(.text)
    rt_memcmp                                0x08007e5d   Thumb Code    38  kservice.o(.text)
    rt_strlen                                0x08007e83   Thumb Code    18  kservice.o(.text)
    rt_strstr                                0x08007e95   Thumb Code    58  kservice.o(.text)
    rt_strcasecmp                            0x08007ecf   Thumb Code    48  kservice.o(.text)
    rt_strncpy                               0x08007eff   Thumb Code    52  kservice.o(.text)
    rt_strncmp                               0x08007f33   Thumb Code    40  kservice.o(.text)
    rt_strcmp                                0x08007f5b   Thumb Code    28  kservice.o(.text)
    rt_strnlen                               0x08007f77   Thumb Code    24  kservice.o(.text)
    rt_strdup                                0x08007f8f   Thumb Code    40  kservice.o(.text)
    rt_hw_console_output                     0x08007fb7   Thumb Code     2  kservice.o(.text)
    rt_vsnprintf                             0x0800816f   Thumb Code   800  kservice.o(.text)
    rt_kprintf                               0x0800848f   Thumb Code    96  kservice.o(.text)
    rt_show_version                          0x080084ef   Thumb Code    38  kservice.o(.text)
    rt_snprintf                              0x08008515   Thumb Code    38  kservice.o(.text)
    rt_vsprintf                              0x0800853b   Thumb Code    22  kservice.o(.text)
    rt_sprintf                               0x08008551   Thumb Code    34  kservice.o(.text)
    rt_console_get_device                    0x08008573   Thumb Code     6  kservice.o(.text)
    rt_console_set_device                    0x08008579   Thumb Code    48  kservice.o(.text)
    rt_kputs                                 0x080085a9   Thumb Code    78  kservice.o(.text)
    rt_malloc_align                          0x080085f7   Thumb Code    66  kservice.o(.text)
    rt_free_align                            0x08008639   Thumb Code    16  kservice.o(.text)
    __rt_ffs                                 0x08008649   Thumb Code    70  kservice.o(.text)
    rt_assert_set_hook                       0x0800868f   Thumb Code     6  kservice.o(.text)
    rt_assert_handler                        0x08008695   Thumb Code    56  kservice.o(.text)
    rt_malloc_sethook                        0x080087a5   Thumb Code     6  mem.o(.text)
    rt_free_sethook                          0x080087ab   Thumb Code     6  mem.o(.text)
    rt_system_heap_init                      0x08008851   Thumb Code   204  mem.o(.text)
    rt_malloc                                0x0800891d   Thumb Code   522  mem.o(.text)
    rt_free                                  0x08008b27   Thumb Code   688  mem.o(.text)
    rt_realloc                               0x08008dd7   Thumb Code   324  mem.o(.text)
    rt_calloc                                0x08008f1b   Thumb Code    84  mem.o(.text)
    rt_memory_info                           0x08008f6f   Thumb Code    26  mem.o(.text)
    list_mem                                 0x08008f89   Thumb Code    34  mem.o(.text)
    rt_object_attach_sethook                 0x080090b9   Thumb Code     6  object.o(.text)
    rt_object_detach_sethook                 0x080090bf   Thumb Code     6  object.o(.text)
    rt_object_trytake_sethook                0x080090c5   Thumb Code     6  object.o(.text)
    rt_object_take_sethook                   0x080090cb   Thumb Code     6  object.o(.text)
    rt_object_put_sethook                    0x080090d1   Thumb Code     6  object.o(.text)
    rt_system_object_init                    0x080090d7   Thumb Code     2  object.o(.text)
    rt_object_get_information                0x080090d9   Thumb Code    36  object.o(.text)
    rt_object_init                           0x080090fd   Thumb Code    92  object.o(.text)
    rt_object_detach                         0x08009159   Thumb Code    58  object.o(.text)
    rt_object_allocate                       0x08009193   Thumb Code   148  object.o(.text)
    rt_object_delete                         0x08009227   Thumb Code    84  object.o(.text)
    rt_object_is_systemobject                0x0800927b   Thumb Code    34  object.o(.text)
    rt_object_find                           0x0800929d   Thumb Code   142  object.o(.text)
    rt_scheduler_sethook                     0x080093e1   Thumb Code     6  scheduler.o(.text)
    rt_system_scheduler_init                 0x08009441   Thumb Code    56  scheduler.o(.text)
    rt_system_scheduler_start                0x08009479   Thumb Code    36  scheduler.o(.text)
    rt_schedule                              0x0800949d   Thumb Code   154  scheduler.o(.text)
    rt_schedule_insert_thread                0x08009537   Thumb Code    90  scheduler.o(.text)
    rt_schedule_remove_thread                0x08009591   Thumb Code    94  scheduler.o(.text)
    rt_enter_critical                        0x080095ef   Thumb Code    28  scheduler.o(.text)
    rt_exit_critical                         0x0800960b   Thumb Code    54  scheduler.o(.text)
    rt_critical_level                        0x08009641   Thumb Code     8  scheduler.o(.text)
    rt_thread_suspend_sethook                0x08009705   Thumb Code     6  thread.o(.text)
    rt_thread_resume_sethook                 0x0800970b   Thumb Code     6  thread.o(.text)
    rt_thread_inited_sethook                 0x08009711   Thumb Code     6  thread.o(.text)
    rt_thread_exit                           0x08009717   Thumb Code    76  thread.o(.text)
    rt_thread_timeout                        0x08009763   Thumb Code    70  thread.o(.text)
    rt_thread_init                           0x08009849   Thumb Code    74  thread.o(.text)
    rt_thread_self                           0x08009893   Thumb Code     6  thread.o(.text)
    rt_thread_resume                         0x08009899   Thumb Code   100  thread.o(.text)
    rt_thread_startup                        0x080098fd   Thumb Code    88  thread.o(.text)
    rt_thread_detach                         0x08009955   Thumb Code    84  thread.o(.text)
    rt_thread_create                         0x080099a9   Thumb Code    80  thread.o(.text)
    rt_thread_delete                         0x080099f9   Thumb Code    74  thread.o(.text)
    rt_thread_yield                          0x08009a43   Thumb Code    92  thread.o(.text)
    rt_thread_suspend                        0x08009a9f   Thumb Code   362  thread.o(.text)
    rt_thread_sleep                          0x08009c09   Thumb Code    78  thread.o(.text)
    rt_thread_delay                          0x08009c57   Thumb Code    12  thread.o(.text)
    rt_thread_control                        0x08009c63   Thumb Code   134  thread.o(.text)
    rt_thread_find                           0x08009ce9   Thumb Code    96  thread.o(.text)
    rt_timer_timeout_sethook                 0x08009d83   Thumb Code     6  timer.o(.text)
    rt_timer_init                            0x08009e15   Thumb Code    58  timer.o(.text)
    rt_timer_detach                          0x08009e4f   Thumb Code    44  timer.o(.text)
    rt_timer_create                          0x08009e7b   Thumb Code    54  timer.o(.text)
    rt_timer_delete                          0x08009eb1   Thumb Code    46  timer.o(.text)
    rt_timer_start                           0x08009edf   Thumb Code   292  timer.o(.text)
    rt_timer_stop                            0x0800a003   Thumb Code    80  timer.o(.text)
    rt_timer_control                         0x0800a053   Thumb Code    76  timer.o(.text)
    rt_timer_check                           0x0800a09f   Thumb Code   148  timer.o(.text)
    rt_timer_next_timeout_tick               0x0800a133   Thumb Code    10  timer.o(.text)
    rt_system_timer_init                     0x0800a13d   Thumb Code    24  timer.o(.text)
    rt_system_timer_thread_init              0x0800a155   Thumb Code     2  timer.o(.text)
    rt_hw_stack_init                         0x0800a1d1   Thumb Code    74  cpuport.o(.text)
    rt_hw_exception_install                  0x0800a21b   Thumb Code     6  cpuport.o(.text)
    rt_hw_hard_fault_exception               0x0800a221   Thumb Code   112  cpuport.o(.text)
    rt_hw_cpu_shutdown                       0x0800a291   Thumb Code    20  cpuport.o(.text)
    rt_hw_interrupt_disable                  0x0800a361   Thumb Code     8  context_rvds.o(.text)
    rt_hw_interrupt_enable                   0x0800a369   Thumb Code     6  context_rvds.o(.text)
    rt_hw_context_switch                     0x0800a36f   Thumb Code    32  context_rvds.o(.text)
    rt_hw_context_switch_interrupt           0x0800a36f   Thumb Code     0  context_rvds.o(.text)
    PendSV_Handler                           0x0800a38f   Thumb Code   108  context_rvds.o(.text)
    rt_hw_context_switch_to                  0x0800a3fb   Thumb Code    70  context_rvds.o(.text)
    rt_hw_interrupt_thread_switch            0x0800a441   Thumb Code     2  context_rvds.o(.text)
    HardFault_Handler                        0x0800a443   Thumb Code    20  context_rvds.o(.text)
    rt_i2c_bus_device_register               0x0800a471   Thumb Code    42  i2c_core.o(.text)
    rt_i2c_bus_device_find                   0x0800a49b   Thumb Code    30  i2c_core.o(.text)
    rt_i2c_transfer                          0x0800a4b9   Thumb Code    60  i2c_core.o(.text)
    rt_i2c_master_send                       0x0800a4f5   Thumb Code    66  i2c_core.o(.text)
    rt_i2c_master_recv                       0x0800a537   Thumb Code    90  i2c_core.o(.text)
    rt_i2c_core_init                         0x0800a591   Thumb Code     4  i2c_core.o(.text)
    rt_i2c_bus_device_device_init            0x0800a6c1   Thumb Code    60  i2c_dev.o(.text)
    rt_device_pin_register                   0x0800a7ed   Thumb Code    56  pin.o(.text)
    rt_pin_attach_irq                        0x0800a825   Thumb Code    60  pin.o(.text)
    rt_pin_dettach_irq                       0x0800a861   Thumb Code    46  pin.o(.text)
    rt_pin_irq_enable                        0x0800a88f   Thumb Code    50  pin.o(.text)
    rt_pin_mode                              0x0800a8c1   Thumb Code    38  pin.o(.text)
    rt_pin_write                             0x0800a8e7   Thumb Code    38  pin.o(.text)
    rt_pin_read                              0x0800a90d   Thumb Code    34  pin.o(.text)
    rt_hw_serial_register                    0x0800b23f   Thumb Code    82  serial.o(.text)
    rt_hw_serial_isr                         0x0800b291   Thumb Code   480  serial.o(.text)
    rt_spi_bus_register                      0x0800b611   Thumb Code    50  spi_core.o(.text)
    rt_spi_bus_attach_device                 0x0800b643   Thumb Code    74  spi_core.o(.text)
    rt_spi_configure                         0x0800b68d   Thumb Code    96  spi_core.o(.text)
    rt_spi_send_then_send                    0x0800b6ed   Thumb Code   240  spi_core.o(.text)
    rt_spi_send_then_recv                    0x0800b7dd   Thumb Code   240  spi_core.o(.text)
    rt_spi_transfer                          0x0800b8cd   Thumb Code   198  spi_core.o(.text)
    rt_spi_transfer_message                  0x0800b993   Thumb Code   164  spi_core.o(.text)
    rt_spi_take_bus                          0x0800ba37   Thumb Code   204  spi_core.o(.text)
    rt_spi_release_bus                       0x0800bb03   Thumb Code    72  spi_core.o(.text)
    rt_spi_take                              0x0800bb4b   Thumb Code    80  spi_core.o(.text)
    rt_spi_release                           0x0800bb9b   Thumb Code    80  spi_core.o(.text)
    rt_spi_bus_device_init                   0x0800bc9d   Thumb Code    56  spi_dev.o(.text)
    rt_spidev_device_init                    0x0800bd59   Thumb Code    56  spi_dev.o(.text)
    sfud_log_debug                           0x0800bfdb   Thumb Code    52  spi_flash_sfud.o(.text)
    sfud_log_info                            0x0800c00f   Thumb Code    44  spi_flash_sfud.o(.text)
    sfud_spi_port_init                       0x0800c03b   Thumb Code    28  spi_flash_sfud.o(.text)
    rt_sfud_flash_probe                      0x0800c057   Thumb Code   384  spi_flash_sfud.o(.text)
    rt_sfud_flash_delete                     0x0800c1d7   Thumb Code   378  spi_flash_sfud.o(.text)
    sfud_read_status                         0x0800cc6f   Thumb Code    30  sfud.o(.text)
    sfud_write_status                        0x0800cd4d   Thumb Code   102  sfud.o(.text)
    sfud_device_init                         0x0800d047   Thumb Code    60  sfud.o(.text)
    sfud_init                                0x0800d083   Thumb Code   594  sfud.o(.text)
    sfud_get_device_num                      0x0800d2d5   Thumb Code     4  sfud.o(.text)
    sfud_get_device                          0x0800d2d9   Thumb Code    32  sfud.o(.text)
    sfud_get_device_table                    0x0800d2f9   Thumb Code     4  sfud.o(.text)
    sfud_read                                0x0800d329   Thumb Code   128  sfud.o(.text)
    sfud_chip_erase                          0x0800d3a9   Thumb Code   150  sfud.o(.text)
    sfud_erase                               0x0800d43f   Thumb Code   310  sfud.o(.text)
    sfud_write                               0x0800d865   Thumb Code    76  sfud.o(.text)
    sfud_erase_write                         0x0800d8b1   Thumb Code    48  sfud.o(.text)
    sfud_read_sfdp                           0x0800dc33   Thumb Code    44  sfud_sfdp.o(.text)
    sfud_sfdp_get_suitable_eraser            0x0800dc5f   Thumb Code    86  sfud_sfdp.o(.text)
    rt_completion_init                       0x0800ddf1   Thumb Code    42  completion.o(.text)
    rt_completion_wait                       0x0800de1b   Thumb Code   198  completion.o(.text)
    rt_completion_done                       0x0800dee1   Thumb Code    76  completion.o(.text)
    rt_data_queue_init                       0x0800dfcb   Thumb Code    76  dataqueue.o(.text)
    rt_data_queue_push                       0x0800e017   Thumb Code   282  dataqueue.o(.text)
    rt_data_queue_pop                        0x0800e131   Thumb Code   342  dataqueue.o(.text)
    rt_data_queue_peak                       0x0800e287   Thumb Code   104  dataqueue.o(.text)
    rt_data_queue_reset                      0x0800e2ef   Thumb Code   106  dataqueue.o(.text)
    finsh_get_prompt                         0x0800e3e5   Thumb Code    38  shell.o(.text)
    finsh_set_device                         0x0800e469   Thumb Code   156  shell.o(.text)
    finsh_get_device                         0x0800e505   Thumb Code    28  shell.o(.text)
    finsh_set_echo                           0x0800e521   Thumb Code    30  shell.o(.text)
    finsh_get_echo                           0x0800e53f   Thumb Code    32  shell.o(.text)
    finsh_thread_entry                       0x0800e681   Thumb Code  1358  shell.o(.text)
    finsh_system_function_init               0x0800ebcf   Thumb Code    10  shell.o(.text)
    finsh_system_var_init                    0x0800ebd9   Thumb Code    10  shell.o(.text)
    finsh_system_init                        0x0800ebe3   Thumb Code   214  shell.o(.text)
    hello                                    0x0800eccd   Thumb Code    12  cmd.o(.text)
    version                                  0x0800ecd9   Thumb Code    10  cmd.o(.text)
    list_thread                              0x0800eddd   Thumb Code    18  cmd.o(.text)
    list_sem                                 0x0800eea7   Thumb Code    18  cmd.o(.text)
    list_event                               0x0800ef37   Thumb Code    18  cmd.o(.text)
    list_mutex                               0x0800efa5   Thumb Code    18  cmd.o(.text)
    list_mailbox                             0x0800f05b   Thumb Code    18  cmd.o(.text)
    list_msgqueue                            0x0800f3d3   Thumb Code    18  cmd.o(.text)
    list_memheap                             0x0800f431   Thumb Code    18  cmd.o(.text)
    list_mempool                             0x0800f4c9   Thumb Code    18  cmd.o(.text)
    list_timer                               0x0800f54b   Thumb Code    18  cmd.o(.text)
    list_device                              0x0800f5d9   Thumb Code    18  cmd.o(.text)
    list                                     0x0800f5eb   Thumb Code    54  cmd.o(.text)
    msh_is_used                              0x0800f8bd   Thumb Code     4  msh.o(.text)
    msh_help                                 0x0800f8c1   Thumb Code    66  msh.o(.text)
    msh_exec                                 0x0800faa1   Thumb Code    82  msh.o(.text)
    msh_auto_complete                        0x0800fb13   Thumb Code   138  msh.o(.text)
    cmd_ps                                   0x0800fc25   Thumb Code    14  msh_cmd.o(.text)
    cmd_time                                 0x0800fc33   Thumb Code     6  msh_cmd.o(.text)
    cmd_free                                 0x0800fc39   Thumb Code    14  msh_cmd.o(.text)
    __aeabi_uldivmod                         0x0800fc47   Thumb Code     0  lludivv7m.o(.text)
    _ll_udiv                                 0x0800fc47   Thumb Code   238  lludivv7m.o(.text)
    vsnprintf                                0x0800fd35   Thumb Code    48  vsnprintf.o(.text)
    atoi                                     0x0800fd69   Thumb Code    26  atoi.o(.text)
    atol                                     0x0800fd83   Thumb Code    26  atol.o(.text)
    memcmp                                   0x0800fd9d   Thumb Code    88  memcmp.o(.text)
    strcpy                                   0x0800fdf5   Thumb Code    72  strcpy.o(.text)
    strlen                                   0x0800fe3d   Thumb Code    62  strlen.o(.text)
    strncmp                                  0x0800fe7b   Thumb Code   150  strncmp.o(.text)
    strcat                                   0x0800ff11   Thumb Code    24  strcat.o(.text)
    __aeabi_memcpy                           0x0800ff29   Thumb Code     0  rt_memcpy_v6.o(.text)
    __rt_memcpy                              0x0800ff29   Thumb Code   138  rt_memcpy_v6.o(.text)
    _memcpy_lastbytes                        0x0800ff8f   Thumb Code     0  rt_memcpy_v6.o(.text)
    __aeabi_memcpy4                          0x0800ffb3   Thumb Code     0  rt_memcpy_w.o(.text)
    __aeabi_memcpy8                          0x0800ffb3   Thumb Code     0  rt_memcpy_w.o(.text)
    __rt_memcpy_w                            0x0800ffb3   Thumb Code   100  rt_memcpy_w.o(.text)
    _memcpy_lastbytes_aligned                0x0800fffb   Thumb Code     0  rt_memcpy_w.o(.text)
    __aeabi_memclr                           0x08010017   Thumb Code     0  rt_memclr.o(.text)
    __rt_memclr                              0x08010017   Thumb Code    68  rt_memclr.o(.text)
    _memset                                  0x0801001b   Thumb Code     0  rt_memclr.o(.text)
    __aeabi_memclr4                          0x0801005b   Thumb Code     0  rt_memclr_w.o(.text)
    __aeabi_memclr8                          0x0801005b   Thumb Code     0  rt_memclr_w.o(.text)
    __rt_memclr_w                            0x0801005b   Thumb Code    78  rt_memclr_w.o(.text)
    _memset_w                                0x0801005f   Thumb Code     0  rt_memclr_w.o(.text)
    strcmp                                   0x080100a9   Thumb Code   128  strcmpv7m.o(.text)
    __use_two_region_memory                  0x08010129   Thumb Code     2  heapauxi.o(.text)
    __rt_heap_escrow$2region                 0x0801012b   Thumb Code     2  heapauxi.o(.text)
    __rt_heap_expand$2region                 0x0801012d   Thumb Code     2  heapauxi.o(.text)
    __aeabi_errno_addr                       0x08010131   Thumb Code     8  rt_errno_addr_intlibspace.o(.text)
    __errno$intlibspace                      0x08010131   Thumb Code     0  rt_errno_addr_intlibspace.o(.text)
    __rt_errno_addr$intlibspace              0x08010131   Thumb Code     0  rt_errno_addr_intlibspace.o(.text)
    _printf_pre_padding                      0x08010139   Thumb Code    44  _printf_pad.o(.text)
    _printf_post_padding                     0x08010165   Thumb Code    34  _printf_pad.o(.text)
    _printf_truncate_signed                  0x08010187   Thumb Code    18  _printf_truncate.o(.text)
    _printf_truncate_unsigned                0x08010199   Thumb Code    18  _printf_truncate.o(.text)
    _printf_str                              0x080101ab   Thumb Code    82  _printf_str.o(.text)
    _printf_int_dec                          0x080101fd   Thumb Code   104  _printf_dec.o(.text)
    _printf_charcount                        0x08010275   Thumb Code    40  _printf_charcount.o(.text)
    _printf_char_common                      0x080102a7   Thumb Code    32  _printf_char_common.o(.text)
    _sputc                                   0x080102cd   Thumb Code    10  _sputc.o(.text)
    _snputc                                  0x080102d7   Thumb Code    16  _snputc.o(.text)
    _printf_wctomb                           0x080102e9   Thumb Code   182  _printf_wctomb.o(.text)
    _printf_longlong_dec                     0x080103a5   Thumb Code   108  _printf_longlong_dec.o(.text)
    _printf_longlong_oct                     0x08010421   Thumb Code    66  _printf_oct_int_ll.o(.text)
    _printf_int_oct                          0x08010463   Thumb Code    24  _printf_oct_int_ll.o(.text)
    _printf_ll_oct                           0x0801047b   Thumb Code    12  _printf_oct_int_ll.o(.text)
    _printf_longlong_hex                     0x08010491   Thumb Code    86  _printf_hex_int_ll_ptr.o(.text)
    _printf_int_hex                          0x080104e7   Thumb Code    28  _printf_hex_int_ll_ptr.o(.text)
    _printf_ll_hex                           0x08010503   Thumb Code    12  _printf_hex_int_ll_ptr.o(.text)
    _printf_hex_ptr                          0x0801050f   Thumb Code    18  _printf_hex_int_ll_ptr.o(.text)
    __printf                                 0x08010525   Thumb Code   388  __printf_flags_ss_wp.o(.text)
    strtol                                   0x080106ad   Thumb Code   112  strtol.o(.text)
    __user_libspace                          0x0801071d   Thumb Code     8  libspace.o(.text)
    __user_perproc_libspace                  0x0801071d   Thumb Code     0  libspace.o(.text)
    __user_perthread_libspace                0x0801071d   Thumb Code     0  libspace.o(.text)
    __rt_ctype_table                         0x08010725   Thumb Code    16  rt_ctype_table.o(.text)
    _ll_udiv10                               0x08010735   Thumb Code   138  lludiv10.o(.text)
    _printf_int_common                       0x080107bf   Thumb Code   178  _printf_intcommon.o(.text)
    __lib_sel_fp_printf                      0x08010871   Thumb Code     2  _printf_fp_dec.o(.text)
    _printf_fp_dec_real                      0x08010a1f   Thumb Code   620  _printf_fp_dec.o(.text)
    _printf_fp_hex_real                      0x08010c8d   Thumb Code   756  _printf_fp_hex.o(.text)
    _printf_cs_common                        0x08010f89   Thumb Code    20  _printf_char.o(.text)
    _printf_char                             0x08010f9d   Thumb Code    16  _printf_char.o(.text)
    _printf_string                           0x08010fad   Thumb Code     8  _printf_char.o(.text)
    _printf_lcs_common                       0x08010fb5   Thumb Code    20  _printf_wchar.o(.text)
    _printf_wchar                            0x08010fc9   Thumb Code    16  _printf_wchar.o(.text)
    _printf_wstring                          0x08010fd9   Thumb Code     8  _printf_wchar.o(.text)
    _strtoul                                 0x08010fe1   Thumb Code   158  _strtoul.o(.text)
    _wcrtomb                                 0x0801107f   Thumb Code    64  _wcrtomb.o(.text)
    __user_setup_stackheap                   0x080110bf   Thumb Code    74  sys_stackheap_outer.o(.text)
    __rt_locale                              0x08011109   Thumb Code     8  rt_locale_intlibspace.o(.text)
    _printf_fp_infnan                        0x08011111   Thumb Code   112  _printf_fp_infnan.o(.text)
    _chval                                   0x08011191   Thumb Code    28  _chval.o(.text)
    _btod_etento                             0x080111ad   Thumb Code   216  bigflt0.o(.text)
    exit                                     0x08011289   Thumb Code    18  exit.o(.text)
    _sys_exit                                0x0801129d   Thumb Code     8  sys_exit.o(.text)
    __I$use$semihosting                      0x080112a9   Thumb Code     0  use_no_semi.o(.text)
    __use_no_semihosting_swi                 0x080112a9   Thumb Code     2  use_no_semi.o(.text)
    __semihosting_library_function           0x080112ab   Thumb Code     0  indicate_semi.o(.text)
    _btod_d2e                                0x080112ab   Thumb Code    62  btod.o(CL$$btod_d2e)
    _d2e_denorm_low                          0x080112e9   Thumb Code    70  btod.o(CL$$btod_d2e_denorm_low)
    _d2e_norm_op1                            0x0801132f   Thumb Code    96  btod.o(CL$$btod_d2e_norm_op1)
    __btod_div_common                        0x0801138f   Thumb Code   696  btod.o(CL$$btod_div_common)
    _e2e                                     0x080116c7   Thumb Code   198  btod.o(CL$$btod_e2e)
    _btod_ediv                               0x0801178d   Thumb Code    40  btod.o(CL$$btod_ediv)
    _btod_emul                               0x080117b5   Thumb Code    40  btod.o(CL$$btod_emul)
    __btod_mult_common                       0x080117dd   Thumb Code   580  btod.o(CL$$btod_mult_common)
    __ARM_fpclassify                         0x08011a21   Thumb Code    48  fpclassify.o(i.__ARM_fpclassify)
    _is_digit                                0x08011a51   Thumb Code    14  __printf_wp.o(i._is_digit)
    _get_lc_ctype                            0x08011a61   Thumb Code    44  lc_ctype_c.o(locale$$code)
    _get_lc_numeric                          0x08011a8d   Thumb Code    44  lc_numeric_c.o(locale$$code)
    _fp_init                                 0x08011ab9   Thumb Code    10  fpinit.o(x$fpl$fpinit)
    __fplib_config_fpu_vfp                   0x08011ac1   Thumb Code     0  fpinit.o(x$fpl$fpinit)
    __fplib_config_pureend_doubles           0x08011ac1   Thumb Code     0  fpinit.o(x$fpl$fpinit)
    _printf_fp_dec                           0x08011ac3   Thumb Code     4  printf1.o(x$fpl$printf1)
    _printf_fp_hex                           0x08011ac7   Thumb Code     4  printf2.o(x$fpl$printf2)
    __I$use$fp                               0x08011aca   Number         0  usenofp.o(x$fpl$usenofp)
    stm_spi_ops                              0x08012174   Data           8  drv_spi.o(.constdata)
    TX_ADDRESS                               0x080121e8   Data           5  drv_nrf24.o(.constdata)
    RX_ADDRESS                               0x080121ed   Data           5  drv_nrf24.o(.constdata)
    AHBPrescTable                            0x08012204   Data          16  system_stm32f4xx.o(.constdata)
    APBPrescTable                            0x08012214   Data           8  system_stm32f4xx.o(.constdata)
    __lowest_bit_bitmap                      0x080124dc   Data         256  kservice.o(.constdata)
    __fsym_list_mem_name                     0x08013751   Data           9  mem.o(.rodata.name)
    __fsym_list_mem_desc                     0x0801375a   Data          30  mem.o(.rodata.name)
    __fsym_pinMode_name                      0x08013778   Data           8  pin.o(.rodata.name)
    __fsym_pinMode_desc                      0x08013780   Data          22  pin.o(.rodata.name)
    __fsym_pinWrite_name                     0x08013796   Data           9  pin.o(.rodata.name)
    __fsym_pinWrite_desc                     0x0801379f   Data          28  pin.o(.rodata.name)
    __fsym_pinRead_name                      0x080137bb   Data           8  pin.o(.rodata.name)
    __fsym_pinRead_desc                      0x080137c3   Data          30  pin.o(.rodata.name)
    __fsym___cmd_sf_name                     0x080137e1   Data           9  spi_flash_sfud.o(.rodata.name)
    __fsym___cmd_sf_desc                     0x080137ea   Data          19  spi_flash_sfud.o(.rodata.name)
    __fsym_hello_name                        0x080137fd   Data           6  cmd.o(.rodata.name)
    __fsym_hello_desc                        0x08013803   Data          16  cmd.o(.rodata.name)
    __fsym_version_name                      0x08013813   Data           8  cmd.o(.rodata.name)
    __fsym_version_desc                      0x0801381b   Data          35  cmd.o(.rodata.name)
    __fsym___cmd_version_name                0x0801383e   Data          14  cmd.o(.rodata.name)
    __fsym___cmd_version_desc                0x0801384c   Data          35  cmd.o(.rodata.name)
    __fsym_list_thread_name                  0x0801386f   Data          12  cmd.o(.rodata.name)
    __fsym_list_thread_desc                  0x0801387b   Data          12  cmd.o(.rodata.name)
    __fsym___cmd_list_thread_name            0x08013887   Data          18  cmd.o(.rodata.name)
    __fsym___cmd_list_thread_desc            0x08013899   Data          12  cmd.o(.rodata.name)
    __fsym_list_sem_name                     0x080138a5   Data           9  cmd.o(.rodata.name)
    __fsym_list_sem_desc                     0x080138ae   Data          25  cmd.o(.rodata.name)
    __fsym___cmd_list_sem_name               0x080138c7   Data          15  cmd.o(.rodata.name)
    __fsym___cmd_list_sem_desc               0x080138d6   Data          25  cmd.o(.rodata.name)
    __fsym_list_event_name                   0x080138ef   Data          11  cmd.o(.rodata.name)
    __fsym_list_event_desc                   0x080138fa   Data          21  cmd.o(.rodata.name)
    __fsym___cmd_list_event_name             0x0801390f   Data          17  cmd.o(.rodata.name)
    __fsym___cmd_list_event_desc             0x08013920   Data          21  cmd.o(.rodata.name)
    __fsym_list_mutex_name                   0x08013935   Data          11  cmd.o(.rodata.name)
    __fsym_list_mutex_desc                   0x08013940   Data          21  cmd.o(.rodata.name)
    __fsym___cmd_list_mutex_name             0x08013955   Data          17  cmd.o(.rodata.name)
    __fsym___cmd_list_mutex_desc             0x08013966   Data          21  cmd.o(.rodata.name)
    __fsym_list_mailbox_name                 0x0801397b   Data          13  cmd.o(.rodata.name)
    __fsym_list_mailbox_desc                 0x08013988   Data          24  cmd.o(.rodata.name)
    __fsym___cmd_list_mailbox_name           0x080139a0   Data          19  cmd.o(.rodata.name)
    __fsym___cmd_list_mailbox_desc           0x080139b3   Data          24  cmd.o(.rodata.name)
    __fsym_list_msgqueue_name                0x080139cb   Data          14  cmd.o(.rodata.name)
    __fsym_list_msgqueue_desc                0x080139d9   Data          29  cmd.o(.rodata.name)
    __fsym___cmd_list_msgqueue_name          0x080139f6   Data          20  cmd.o(.rodata.name)
    __fsym___cmd_list_msgqueue_desc          0x08013a0a   Data          29  cmd.o(.rodata.name)
    __fsym_list_memheap_name                 0x08013a27   Data          13  cmd.o(.rodata.name)
    __fsym_list_memheap_desc                 0x08013a34   Data          27  cmd.o(.rodata.name)
    __fsym___cmd_list_memheap_name           0x08013a4f   Data          19  cmd.o(.rodata.name)
    __fsym___cmd_list_memheap_desc           0x08013a62   Data          27  cmd.o(.rodata.name)
    __fsym_list_mempool_name                 0x08013a7d   Data          13  cmd.o(.rodata.name)
    __fsym_list_mempool_desc                 0x08013a8a   Data          27  cmd.o(.rodata.name)
    __fsym___cmd_list_mempool_name           0x08013aa5   Data          19  cmd.o(.rodata.name)
    __fsym___cmd_list_mempool_desc           0x08013ab8   Data          27  cmd.o(.rodata.name)
    __fsym_list_timer_name                   0x08013ad3   Data          11  cmd.o(.rodata.name)
    __fsym_list_timer_desc                   0x08013ade   Data          21  cmd.o(.rodata.name)
    __fsym___cmd_list_timer_name             0x08013af3   Data          17  cmd.o(.rodata.name)
    __fsym___cmd_list_timer_desc             0x08013b04   Data          21  cmd.o(.rodata.name)
    __fsym_list_device_name                  0x08013b19   Data          12  cmd.o(.rodata.name)
    __fsym_list_device_desc                  0x08013b25   Data          22  cmd.o(.rodata.name)
    __fsym___cmd_list_device_name            0x08013b3b   Data          18  cmd.o(.rodata.name)
    __fsym___cmd_list_device_desc            0x08013b4d   Data          22  cmd.o(.rodata.name)
    __fsym_list_name                         0x08013b63   Data           5  cmd.o(.rodata.name)
    __fsym_list_desc                         0x08013b68   Data          26  cmd.o(.rodata.name)
    __fsym___cmd_help_name                   0x08013b82   Data          11  msh.o(.rodata.name)
    __fsym___cmd_help_desc                   0x08013b8d   Data          22  msh.o(.rodata.name)
    __fsym___cmd_ps_name                     0x08013ba3   Data           9  msh_cmd.o(.rodata.name)
    __fsym___cmd_ps_desc                     0x08013bac   Data          28  msh_cmd.o(.rodata.name)
    __fsym___cmd_time_name                   0x08013bc8   Data          11  msh_cmd.o(.rodata.name)
    __fsym___cmd_time_desc                   0x08013bd3   Data          27  msh_cmd.o(.rodata.name)
    __fsym___cmd_free_name                   0x08013bee   Data          11  msh_cmd.o(.rodata.name)
    __fsym___cmd_free_desc                   0x08013bf9   Data          37  msh_cmd.o(.rodata.name)
    __rt_init_rti_start                      0x08013c20   Data           4  components.o(.rti_fn.0)
    __rt_init_rti_board_start                0x08013c24   Data           4  components.o(.rti_fn.0.end)
    __rt_init_rt_hw_pin_init                 0x08013c28   Data           4  drv_gpio.o(.rti_fn.1)
    __rt_init_stm32_hw_spi_init              0x08013c2c   Data           4  drv_spi.o(.rti_fn.1)
    __rt_init_hw_usart_init                  0x08013c30   Data           4  drv_usart.o(.rti_fn.1)
    __rt_init_rti_board_end                  0x08013c34   Data           4  components.o(.rti_fn.1.end)
    __rt_init_rt_i2c_core_init               0x08013c38   Data           4  i2c_core.o(.rti_fn.4)
    __rt_init_rt_led_init                    0x08013c3c   Data           4  bsp_led.o(.rti_fn.6)
    __rt_init_rt_nrf_receive_data_init       0x08013c40   Data           4  app_nrf24l01.o(.rti_fn.6)
    __rt_init_rt_command_data_init           0x08013c44   Data           4  app_command.o(.rti_fn.6)
    __rt_init_rt_hw_nrf_init                 0x08013c48   Data           4  drv_nrf24.o(.rti_fn.6)
    __rt_init_finsh_system_init              0x08013c4c   Data           4  shell.o(.rti_fn.6)
    __rt_init_rti_end                        0x08013c50   Data           4  components.o(.rti_fn.6.end)
    FSymTab$$Base                            0x08013c54   Number         0  mem.o(FSymTab)
    __fsym_list_mem                          0x08013c54   Data          12  mem.o(FSymTab)
    __fsym_pinMode                           0x08013c60   Data          12  pin.o(FSymTab)
    __fsym_pinWrite                          0x08013c6c   Data          12  pin.o(FSymTab)
    __fsym_pinRead                           0x08013c78   Data          12  pin.o(FSymTab)
    __fsym___cmd_sf                          0x08013c84   Data          12  spi_flash_sfud.o(FSymTab)
    __fsym_hello                             0x08013c90   Data          12  cmd.o(FSymTab)
    __fsym_version                           0x08013c9c   Data          12  cmd.o(FSymTab)
    __fsym___cmd_version                     0x08013ca8   Data          12  cmd.o(FSymTab)
    __fsym_list_thread                       0x08013cb4   Data          12  cmd.o(FSymTab)
    __fsym___cmd_list_thread                 0x08013cc0   Data          12  cmd.o(FSymTab)
    __fsym_list_sem                          0x08013ccc   Data          12  cmd.o(FSymTab)
    __fsym___cmd_list_sem                    0x08013cd8   Data          12  cmd.o(FSymTab)
    __fsym_list_event                        0x08013ce4   Data          12  cmd.o(FSymTab)
    __fsym___cmd_list_event                  0x08013cf0   Data          12  cmd.o(FSymTab)
    __fsym_list_mutex                        0x08013cfc   Data          12  cmd.o(FSymTab)
    __fsym___cmd_list_mutex                  0x08013d08   Data          12  cmd.o(FSymTab)
    __fsym_list_mailbox                      0x08013d14   Data          12  cmd.o(FSymTab)
    __fsym___cmd_list_mailbox                0x08013d20   Data          12  cmd.o(FSymTab)
    __fsym_list_msgqueue                     0x08013d2c   Data          12  cmd.o(FSymTab)
    __fsym___cmd_list_msgqueue               0x08013d38   Data          12  cmd.o(FSymTab)
    __fsym_list_memheap                      0x08013d44   Data          12  cmd.o(FSymTab)
    __fsym___cmd_list_memheap                0x08013d50   Data          12  cmd.o(FSymTab)
    __fsym_list_mempool                      0x08013d5c   Data          12  cmd.o(FSymTab)
    __fsym___cmd_list_mempool                0x08013d68   Data          12  cmd.o(FSymTab)
    __fsym_list_timer                        0x08013d74   Data          12  cmd.o(FSymTab)
    __fsym___cmd_list_timer                  0x08013d80   Data          12  cmd.o(FSymTab)
    __fsym_list_device                       0x08013d8c   Data          12  cmd.o(FSymTab)
    __fsym___cmd_list_device                 0x08013d98   Data          12  cmd.o(FSymTab)
    __fsym_list                              0x08013da4   Data          12  cmd.o(FSymTab)
    __fsym___cmd_help                        0x08013db0   Data          12  msh.o(FSymTab)
    __fsym___cmd_ps                          0x08013dbc   Data          12  msh_cmd.o(FSymTab)
    __fsym___cmd_time                        0x08013dc8   Data          12  msh_cmd.o(FSymTab)
    __fsym___cmd_free                        0x08013dd4   Data          12  msh_cmd.o(FSymTab)
    FSymTab$$Limit                           0x08013de0   Number         0  msh_cmd.o(FSymTab)
    Region$$Table$$Base                      0x08013de0   Number         0  anon$$obj.o(Region$$Table)
    Region$$Table$$Limit                     0x08013e00   Number         0  anon$$obj.o(Region$$Table)
    __ctype                                  0x08013e0d   Data           0  lc_ctype_c.o(locale$$data)
    led_state                                0x20000004   Data           1  bsp_led.o(.data)
    tmp_buf                                  0x20000005   Data           1  app_nrf24l01.o(.data)
    cmd                                      0x20000006   Data           1  app_nrf24l01.o(.data)
    pin_irq_hdr_tab                          0x20000008   Data         192  drv_gpio.o(.data)
    _spi1                                    0x200000c8   Data           8  drv_spi.o(.data)
    _spi2                                    0x200000d0   Data           8  drv_spi.o(.data)
    _spi3                                    0x200000d8   Data           8  drv_spi.o(.data)
    spi_cs                                   0x200000e0   Data           4  drv_nrf24.o(.data)
    SystemCoreClock                          0x200000e4   Data           4  system_stm32f4xx.o(.data)
    uwTick                                   0x200000e8   Data           4  stm32f4xx_hal.o(.data)
    rt_interrupt_nest                        0x200000fc   Data           1  irq.o(.data)
    rt_assert_hook                           0x20000108   Data           4  kservice.o(.data)
    rt_object_trytake_hook                   0x200001d4   Data           4  object.o(.data)
    rt_object_take_hook                      0x200001d8   Data           4  object.o(.data)
    rt_object_put_hook                       0x200001dc   Data           4  object.o(.data)
    rt_current_thread                        0x200001e4   Data           4  scheduler.o(.data)
    rt_current_priority                      0x200001e8   Data           1  scheduler.o(.data)
    rt_thread_ready_priority_group           0x200001ec   Data           4  scheduler.o(.data)
    rt_thread_defunct                        0x200001f0   Data           8  scheduler.o(.data)
    rt_interrupt_from_thread                 0x20000218   Data           4  cpuport.o(.data)
    rt_interrupt_to_thread                   0x2000021c   Data           4  cpuport.o(.data)
    rt_thread_switch_interrupt_flag          0x20000220   Data           4  cpuport.o(.data)
    shell                                    0x20000234   Data           4  shell.o(.data)
    _syscall_table_begin                     0x20000238   Data           4  symbol.o(.data)
    _syscall_table_end                       0x2000023c   Data           4  symbol.o(.data)
    _sysvar_table_begin                      0x20000240   Data           4  symbol.o(.data)
    _sysvar_table_end                        0x20000244   Data           4  symbol.o(.data)
    _spi_bus1                                0x20000274   Data         108  drv_spi.o(.bss)
    _spi_bus2                                0x200002e0   Data         108  drv_spi.o(.bss)
    _spi_bus3                                0x2000034c   Data         108  drv_spi.o(.bss)
    serial1                                  0x200003fc   Data          84  drv_usart.o(.bss)
    serial2                                  0x20000494   Data          84  drv_usart.o(.bss)
    serial6                                  0x2000052c   Data          84  drv_usart.o(.bss)
    rt_thread_priority_table                 0x200008ec   Data         256  scheduler.o(.bss)
    __libspace_start                         0x20001c28   Data          96  libspace.o(.bss)
    __temporary_stack_top$libspace           0x20001c88   Data           0  libspace.o(.bss)
    Image$$RW_IRAM1$$ZI$$Limit               0x20002288   Number         0  anon$$obj.o ABSOLUTE



==============================================================================

Memory Map of the image

  Image Entry point : 0x08000189

  Load Region LR_IROM1 (Base: 0x08000000, Size: 0x00014174, Max: 0x00100000, ABSOLUTE, COMPRESSED[0x00013f94])

    Execution Region ER_IROM1 (Base: 0x08000000, Size: 0x00013f2c, Max: 0x00100000, ABSOLUTE)

    Base Addr    Size         Type   Attr      Idx    E Section Name        Object

    0x08000000   0x00000188   Data   RO          534    RESET               startup_stm32f407xx.o
    0x08000188   0x00000008   Code   RO         2728  * !!!main             c_w.l(__main.o)
    0x08000190   0x00000034   Code   RO         3072    !!!scatter          c_w.l(__scatter.o)
    0x080001c4   0x0000005a   Code   RO         3070    !!dczerorl2         c_w.l(__dczerorl2.o)
    0x0800021e   0x00000002   PAD
    0x08000220   0x0000001c   Code   RO         3074    !!handler_zi        c_w.l(__scatter_zi.o)
    0x0800023c   0x00000000   Code   RO         2823    .ARM.Collect$$_printf_percent$$00000000  c_w.l(_printf_percent.o)
    0x0800023c   0x00000006   Code   RO         2812    .ARM.Collect$$_printf_percent$$00000001  c_w.l(_printf_n.o)
    0x08000242   0x00000006   Code   RO         2814    .ARM.Collect$$_printf_percent$$00000002  c_w.l(_printf_p.o)
    0x08000248   0x00000006   Code   RO         2819    .ARM.Collect$$_printf_percent$$00000003  c_w.l(_printf_f.o)
    0x0800024e   0x00000006   Code   RO         2820    .ARM.Collect$$_printf_percent$$00000004  c_w.l(_printf_e.o)
    0x08000254   0x00000006   Code   RO         2821    .ARM.Collect$$_printf_percent$$00000005  c_w.l(_printf_g.o)
    0x0800025a   0x00000006   Code   RO         2822    .ARM.Collect$$_printf_percent$$00000006  c_w.l(_printf_a.o)
    0x08000260   0x0000000a   Code   RO         2827    .ARM.Collect$$_printf_percent$$00000007  c_w.l(_printf_ll.o)
    0x0800026a   0x00000006   Code   RO         2816    .ARM.Collect$$_printf_percent$$00000008  c_w.l(_printf_i.o)
    0x08000270   0x00000006   Code   RO         2817    .ARM.Collect$$_printf_percent$$00000009  c_w.l(_printf_d.o)
    0x08000276   0x00000006   Code   RO         2818    .ARM.Collect$$_printf_percent$$0000000A  c_w.l(_printf_u.o)
    0x0800027c   0x00000006   Code   RO         2815    .ARM.Collect$$_printf_percent$$0000000B  c_w.l(_printf_o.o)
    0x08000282   0x00000006   Code   RO         2813    .ARM.Collect$$_printf_percent$$0000000C  c_w.l(_printf_x.o)
    0x08000288   0x00000006   Code   RO         2824    .ARM.Collect$$_printf_percent$$0000000D  c_w.l(_printf_lli.o)
    0x0800028e   0x00000006   Code   RO         2825    .ARM.Collect$$_printf_percent$$0000000E  c_w.l(_printf_lld.o)
    0x08000294   0x00000006   Code   RO         2826    .ARM.Collect$$_printf_percent$$0000000F  c_w.l(_printf_llu.o)
    0x0800029a   0x00000006   Code   RO         2831    .ARM.Collect$$_printf_percent$$00000010  c_w.l(_printf_llo.o)
    0x080002a0   0x00000006   Code   RO         2832    .ARM.Collect$$_printf_percent$$00000011  c_w.l(_printf_llx.o)
    0x080002a6   0x0000000a   Code   RO         2828    .ARM.Collect$$_printf_percent$$00000012  c_w.l(_printf_l.o)
    0x080002b0   0x00000006   Code   RO         2810    .ARM.Collect$$_printf_percent$$00000013  c_w.l(_printf_c.o)
    0x080002b6   0x00000006   Code   RO         2811    .ARM.Collect$$_printf_percent$$00000014  c_w.l(_printf_s.o)
    0x080002bc   0x00000006   Code   RO         2829    .ARM.Collect$$_printf_percent$$00000015  c_w.l(_printf_lc.o)
    0x080002c2   0x00000006   Code   RO         2830    .ARM.Collect$$_printf_percent$$00000016  c_w.l(_printf_ls.o)
    0x080002c8   0x00000004   Code   RO         2880    .ARM.Collect$$_printf_percent$$00000017  c_w.l(_printf_percent_end.o)
    0x080002cc   0x00000002   Code   RO         2938    .ARM.Collect$$libinit$$00000000  c_w.l(libinit.o)
    0x080002ce   0x00000004   Code   RO         2952    .ARM.Collect$$libinit$$00000001  c_w.l(libinit2.o)
    0x080002d2   0x00000000   Code   RO         2955    .ARM.Collect$$libinit$$00000004  c_w.l(libinit2.o)
    0x080002d2   0x00000000   Code   RO         2958    .ARM.Collect$$libinit$$0000000A  c_w.l(libinit2.o)
    0x080002d2   0x00000000   Code   RO         2960    .ARM.Collect$$libinit$$0000000C  c_w.l(libinit2.o)
    0x080002d2   0x00000000   Code   RO         2962    .ARM.Collect$$libinit$$0000000E  c_w.l(libinit2.o)
    0x080002d2   0x00000006   Code   RO         2963    .ARM.Collect$$libinit$$0000000F  c_w.l(libinit2.o)
    0x080002d8   0x00000000   Code   RO         2965    .ARM.Collect$$libinit$$00000011  c_w.l(libinit2.o)
    0x080002d8   0x0000000c   Code   RO         2966    .ARM.Collect$$libinit$$00000012  c_w.l(libinit2.o)
    0x080002e4   0x00000000   Code   RO         2967    .ARM.Collect$$libinit$$00000013  c_w.l(libinit2.o)
    0x080002e4   0x00000000   Code   RO         2969    .ARM.Collect$$libinit$$00000015  c_w.l(libinit2.o)
    0x080002e4   0x0000000a   Code   RO         2970    .ARM.Collect$$libinit$$00000016  c_w.l(libinit2.o)
    0x080002ee   0x00000000   Code   RO         2971    .ARM.Collect$$libinit$$00000017  c_w.l(libinit2.o)
    0x080002ee   0x00000000   Code   RO         2973    .ARM.Collect$$libinit$$00000019  c_w.l(libinit2.o)
    0x080002ee   0x00000000   Code   RO         2975    .ARM.Collect$$libinit$$0000001B  c_w.l(libinit2.o)
    0x080002ee   0x00000000   Code   RO         2977    .ARM.Collect$$libinit$$0000001D  c_w.l(libinit2.o)
    0x080002ee   0x00000000   Code   RO         2979    .ARM.Collect$$libinit$$0000001F  c_w.l(libinit2.o)
    0x080002ee   0x00000000   Code   RO         2981    .ARM.Collect$$libinit$$00000021  c_w.l(libinit2.o)
    0x080002ee   0x00000000   Code   RO         2983    .ARM.Collect$$libinit$$00000023  c_w.l(libinit2.o)
    0x080002ee   0x00000000   Code   RO         2985    .ARM.Collect$$libinit$$00000025  c_w.l(libinit2.o)
    0x080002ee   0x00000000   Code   RO         2989    .ARM.Collect$$libinit$$0000002C  c_w.l(libinit2.o)
    0x080002ee   0x00000000   Code   RO         2991    .ARM.Collect$$libinit$$0000002E  c_w.l(libinit2.o)
    0x080002ee   0x00000000   Code   RO         2993    .ARM.Collect$$libinit$$00000030  c_w.l(libinit2.o)
    0x080002ee   0x00000000   Code   RO         2995    .ARM.Collect$$libinit$$00000032  c_w.l(libinit2.o)
    0x080002ee   0x00000002   Code   RO         2996    .ARM.Collect$$libinit$$00000033  c_w.l(libinit2.o)
    0x080002f0   0x00000002   Code   RO         3027    .ARM.Collect$$libshutdown$$00000000  c_w.l(libshutdown.o)
    0x080002f2   0x00000000   Code   RO         3053    .ARM.Collect$$libshutdown$$00000002  c_w.l(libshutdown2.o)
    0x080002f2   0x00000000   Code   RO         3055    .ARM.Collect$$libshutdown$$00000004  c_w.l(libshutdown2.o)
    0x080002f2   0x00000000   Code   RO         3058    .ARM.Collect$$libshutdown$$00000007  c_w.l(libshutdown2.o)
    0x080002f2   0x00000000   Code   RO         3061    .ARM.Collect$$libshutdown$$0000000A  c_w.l(libshutdown2.o)
    0x080002f2   0x00000000   Code   RO         3063    .ARM.Collect$$libshutdown$$0000000C  c_w.l(libshutdown2.o)
    0x080002f2   0x00000000   Code   RO         3066    .ARM.Collect$$libshutdown$$0000000F  c_w.l(libshutdown2.o)
    0x080002f2   0x00000002   Code   RO         3067    .ARM.Collect$$libshutdown$$00000010  c_w.l(libshutdown2.o)
    0x080002f4   0x00000000   Code   RO         2730    .ARM.Collect$$rtentry$$00000000  c_w.l(__rtentry.o)
    0x080002f4   0x00000000   Code   RO         2847    .ARM.Collect$$rtentry$$00000002  c_w.l(__rtentry2.o)
    0x080002f4   0x00000006   Code   RO         2859    .ARM.Collect$$rtentry$$00000004  c_w.l(__rtentry4.o)
    0x080002fa   0x00000000   Code   RO         2849    .ARM.Collect$$rtentry$$00000009  c_w.l(__rtentry2.o)
    0x080002fa   0x00000004   Code   RO         2850    .ARM.Collect$$rtentry$$0000000A  c_w.l(__rtentry2.o)
    0x080002fe   0x00000000   Code   RO         2852    .ARM.Collect$$rtentry$$0000000C  c_w.l(__rtentry2.o)
    0x080002fe   0x00000008   Code   RO         2853    .ARM.Collect$$rtentry$$0000000D  c_w.l(__rtentry2.o)
    0x08000306   0x00000002   Code   RO         2944    .ARM.Collect$$rtexit$$00000000  c_w.l(rtexit.o)
    0x08000308   0x00000000   Code   RO         3000    .ARM.Collect$$rtexit$$00000002  c_w.l(rtexit2.o)
    0x08000308   0x00000004   Code   RO         3001    .ARM.Collect$$rtexit$$00000003  c_w.l(rtexit2.o)
    0x0800030c   0x00000006   Code   RO         3002    .ARM.Collect$$rtexit$$00000004  c_w.l(rtexit2.o)
    0x08000312   0x00000002   PAD
    0x08000314   0x00000104   Code   RO            1    .text               bsp_led.o
    0x08000418   0x00000004   Code   RO          133    .text               main.o
    0x0800041c   0x00000088   Code   RO          261    .text               app_nrf24l01.o
    0x080004a4   0x000000cc   Code   RO          296    .text               app_command.o
    0x08000570   0x000001ac   Code   RO          327    .text               board.o
    0x0800071c   0x00000010   Code   RO          351    .text               stm32f4xx_it.o
    0x0800072c   0x00000548   Code   RO          375    .text               drv_gpio.o
    0x08000c74   0x00000604   Code   RO          407    .text               drv_spi.o
    0x08001278   0x000004f4   Code   RO          437    .text               drv_usart.o
    0x0800176c   0x00000304   Code   RO          473    .text               drv_nrf24.o
    0x08001a70   0x00000120   Code   RO          504    .text               system_stm32f4xx.o
    0x08001b90   0x00000040   Code   RO          535    .text               startup_stm32f407xx.o
    0x08001bd0   0x000001a4   Code   RO          542    .text               stm32f4xx_hal.o
    0x08001d74   0x00000384   Code   RO          641    .text               stm32f4xx_hal_cortex.o
    0x080020f8   0x000008ac   Code   RO          813    .text               stm32f4xx_hal_dma.o
    0x080029a4   0x000003ac   Code   RO         1022    .text               stm32f4xx_hal_gpio.o
    0x08002d50   0x0000089c   Code   RO         1442    .text               stm32f4xx_hal_rcc.o
    0x080035ec   0x00001658   Code   RO         1652    .text               stm32f4xx_hal_spi.o
    0x08004c44   0x000013ae   Code   RO         1742    .text               stm32f4xx_hal_uart.o
    0x08005ff2   0x00000002   PAD
    0x08005ff4   0x0000006c   Code   RO         1961    .text               clock.o
    0x08006060   0x000000d8   Code   RO         1975    .text               components.o
    0x08006138   0x0000039c   Code   RO         1994    .text               device.o
    0x080064d4   0x00000148   Code   RO         2007    .text               idle.o
    0x0800661c   0x0000165c   Code   RO         2027    .text               ipc.o
    0x08007c78   0x0000007c   Code   RO         2044    .text               irq.o
    0x08007cf4   0x00000ab0   Code   RO         2059    .text               kservice.o
    0x080087a4   0x000008f4   Code   RO         2079    .text               mem.o
    0x08009098   0x00000348   Code   RO         2140    .text               object.o
    0x080093e0   0x00000304   Code   RO         2159    .text               scheduler.o
    0x080096e4   0x00000690   Code   RO         2195    .text               thread.o
    0x08009d74   0x0000045c   Code   RO         2214    .text               timer.o
    0x0800a1d0   0x00000190   Code   RO         2233    .text               cpuport.o
    0x0800a360   0x00000110   Code   RO         2249    .text               context_rvds.o
    0x0800a470   0x00000148   Code   RO         2300    .text               i2c_core.o
    0x0800a5b8   0x00000184   Code   RO         2316    .text               i2c_dev.o
    0x0800a73c   0x00000250   Code   RO         2343    .text               pin.o
    0x0800a98c   0x00000c84   Code   RO         2361    .text               serial.o
    0x0800b610   0x00000608   Code   RO         2377    .text               spi_core.o
    0x0800bc18   0x0000020c   Code   RO         2399    .text               spi_dev.o
    0x0800be24   0x00000e44   Code   RO         2412    .text               spi_flash_sfud.o
    0x0800cc68   0x00000c78   Code   RO         2456    .text               sfud.o
    0x0800d8e0   0x00000510   Code   RO         2488    .text               sfud_sfdp.o
    0x0800ddf0   0x000001cc   Code   RO         2501    .text               completion.o
    0x0800dfbc   0x00000428   Code   RO         2517    .text               dataqueue.o
    0x0800e3e4   0x000008d4   Code   RO         2595    .text               shell.o
    0x0800ecb8   0x00000c04   Code   RO         2636    .text               cmd.o
    0x0800f8bc   0x00000368   Code   RO         2657    .text               msh.o
    0x0800fc24   0x00000022   Code   RO         2674    .text               msh_cmd.o
    0x0800fc46   0x000000ee   Code   RO         2698    .text               c_w.l(lludivv7m.o)
    0x0800fd34   0x00000034   Code   RO         2700    .text               c_w.l(vsnprintf.o)
    0x0800fd68   0x0000001a   Code   RO         2702    .text               c_w.l(atoi.o)
    0x0800fd82   0x0000001a   Code   RO         2704    .text               c_w.l(atol.o)
    0x0800fd9c   0x00000058   Code   RO         2706    .text               c_w.l(memcmp.o)
    0x0800fdf4   0x00000048   Code   RO         2708    .text               c_w.l(strcpy.o)
    0x0800fe3c   0x0000003e   Code   RO         2710    .text               c_w.l(strlen.o)
    0x0800fe7a   0x00000096   Code   RO         2712    .text               c_w.l(strncmp.o)
    0x0800ff10   0x00000018   Code   RO         2714    .text               c_w.l(strcat.o)
    0x0800ff28   0x0000008a   Code   RO         2716    .text               c_w.l(rt_memcpy_v6.o)
    0x0800ffb2   0x00000064   Code   RO         2718    .text               c_w.l(rt_memcpy_w.o)
    0x08010016   0x00000044   Code   RO         2720    .text               c_w.l(rt_memclr.o)
    0x0801005a   0x0000004e   Code   RO         2722    .text               c_w.l(rt_memclr_w.o)
    0x080100a8   0x00000080   Code   RO         2724    .text               c_w.l(strcmpv7m.o)
    0x08010128   0x00000006   Code   RO         2726    .text               c_w.l(heapauxi.o)
    0x0801012e   0x00000002   PAD
    0x08010130   0x00000008   Code   RO         2738    .text               c_w.l(rt_errno_addr_intlibspace.o)
    0x08010138   0x0000004e   Code   RO         2742    .text               c_w.l(_printf_pad.o)
    0x08010186   0x00000024   Code   RO         2744    .text               c_w.l(_printf_truncate.o)
    0x080101aa   0x00000052   Code   RO         2746    .text               c_w.l(_printf_str.o)
    0x080101fc   0x00000078   Code   RO         2748    .text               c_w.l(_printf_dec.o)
    0x08010274   0x00000028   Code   RO         2750    .text               c_w.l(_printf_charcount.o)
    0x0801029c   0x00000030   Code   RO         2752    .text               c_w.l(_printf_char_common.o)
    0x080102cc   0x0000000a   Code   RO         2754    .text               c_w.l(_sputc.o)
    0x080102d6   0x00000010   Code   RO         2756    .text               c_w.l(_snputc.o)
    0x080102e6   0x00000002   PAD
    0x080102e8   0x000000bc   Code   RO         2758    .text               c_w.l(_printf_wctomb.o)
    0x080103a4   0x0000007c   Code   RO         2761    .text               c_w.l(_printf_longlong_dec.o)
    0x08010420   0x00000070   Code   RO         2767    .text               c_w.l(_printf_oct_int_ll.o)
    0x08010490   0x00000094   Code   RO         2787    .text               c_w.l(_printf_hex_int_ll_ptr.o)
    0x08010524   0x00000188   Code   RO         2807    .text               c_w.l(__printf_flags_ss_wp.o)
    0x080106ac   0x00000070   Code   RO         2833    .text               c_w.l(strtol.o)
    0x0801071c   0x00000008   Code   RO         2843    .text               c_w.l(libspace.o)
    0x08010724   0x00000010   Code   RO         2861    .text               c_w.l(rt_ctype_table.o)
    0x08010734   0x0000008a   Code   RO         2865    .text               c_w.l(lludiv10.o)
    0x080107be   0x000000b2   Code   RO         2867    .text               c_w.l(_printf_intcommon.o)
    0x08010870   0x0000041a   Code   RO         2869    .text               c_w.l(_printf_fp_dec.o)
    0x08010c8a   0x00000002   PAD
    0x08010c8c   0x000002fc   Code   RO         2871    .text               c_w.l(_printf_fp_hex.o)
    0x08010f88   0x0000002c   Code   RO         2876    .text               c_w.l(_printf_char.o)
    0x08010fb4   0x0000002c   Code   RO         2878    .text               c_w.l(_printf_wchar.o)
    0x08010fe0   0x0000009e   Code   RO         2881    .text               c_w.l(_strtoul.o)
    0x0801107e   0x00000040   Code   RO         2883    .text               c_w.l(_wcrtomb.o)
    0x080110be   0x0000004a   Code   RO         2885    .text               c_w.l(sys_stackheap_outer.o)
    0x08011108   0x00000008   Code   RO         2890    .text               c_w.l(rt_locale_intlibspace.o)
    0x08011110   0x00000080   Code   RO         2892    .text               c_w.l(_printf_fp_infnan.o)
    0x08011190   0x0000001c   Code   RO         2894    .text               c_w.l(_chval.o)
    0x080111ac   0x000000dc   Code   RO         2896    .text               c_w.l(bigflt0.o)
    0x08011288   0x00000012   Code   RO         2927    .text               c_w.l(exit.o)
    0x0801129a   0x00000002   PAD
    0x0801129c   0x0000000c   Code   RO         2997    .text               c_w.l(sys_exit.o)
    0x080112a8   0x00000002   Code   RO         3016    .text               c_w.l(use_no_semi.o)
    0x080112aa   0x00000000   Code   RO         3018    .text               c_w.l(indicate_semi.o)
    0x080112aa   0x0000003e   Code   RO         2899    CL$$btod_d2e        c_w.l(btod.o)
    0x080112e8   0x00000046   Code   RO         2901    CL$$btod_d2e_denorm_low  c_w.l(btod.o)
    0x0801132e   0x00000060   Code   RO         2900    CL$$btod_d2e_norm_op1  c_w.l(btod.o)
    0x0801138e   0x00000338   Code   RO         2909    CL$$btod_div_common  c_w.l(btod.o)
    0x080116c6   0x000000c6   Code   RO         2906    CL$$btod_e2e        c_w.l(btod.o)
    0x0801178c   0x00000028   Code   RO         2903    CL$$btod_ediv       c_w.l(btod.o)
    0x080117b4   0x00000028   Code   RO         2902    CL$$btod_emul       c_w.l(btod.o)
    0x080117dc   0x00000244   Code   RO         2908    CL$$btod_mult_common  c_w.l(btod.o)
    0x08011a20   0x00000030   Code   RO         2942    i.__ARM_fpclassify  m_wm.l(fpclassify.o)
    0x08011a50   0x0000000e   Code   RO         2800    i._is_digit         c_w.l(__printf_wp.o)
    0x08011a5e   0x00000002   PAD
    0x08011a60   0x0000002c   Code   RO         2922    locale$$code        c_w.l(lc_ctype_c.o)
    0x08011a8c   0x0000002c   Code   RO         2925    locale$$code        c_w.l(lc_numeric_c.o)
    0x08011ab8   0x0000000a   Code   RO         3012    x$fpl$fpinit        fz_wm.l(fpinit.o)
    0x08011ac2   0x00000004   Code   RO         2835    x$fpl$printf1       fz_wm.l(printf1.o)
    0x08011ac6   0x00000004   Code   RO         2837    x$fpl$printf2       fz_wm.l(printf2.o)
    0x08011aca   0x00000000   Code   RO         2941    x$fpl$usenofp       fz_wm.l(usenofp.o)
    0x08011aca   0x00000002   PAD
    0x08011acc   0x000006a8   Data   RO          376    .constdata          drv_gpio.o
    0x08012174   0x0000002c   Data   RO          409    .constdata          drv_spi.o
    0x080121a0   0x00000048   Data   RO          439    .constdata          drv_usart.o
    0x080121e8   0x0000001c   Data   RO          475    .constdata          drv_nrf24.o
    0x08012204   0x00000018   Data   RO          505    .constdata          system_stm32f4xx.o
    0x0801221c   0x00000008   Data   RO          814    .constdata          stm32f4xx_hal_dma.o
    0x08012224   0x00000014   Data   RO         1976    .constdata          components.o
    0x08012238   0x000000b7   Data   RO         1995    .constdata          device.o
    0x080122ef   0x00000016   Data   RO         2009    .constdata          idle.o
    0x08012305   0x000001d7   Data   RO         2028    .constdata          ipc.o
    0x080124dc   0x00000122   Data   RO         2061    .constdata          kservice.o
    0x080125fe   0x00000046   Data   RO         2081    .constdata          mem.o
    0x08012644   0x0000006d   Data   RO         2141    .constdata          object.o
    0x080126b1   0x0000004e   Data   RO         2161    .constdata          scheduler.o
    0x080126ff   0x000000b9   Data   RO         2196    .constdata          thread.o
    0x080127b8   0x0000005c   Data   RO         2215    .constdata          timer.o
    0x08012814   0x00000013   Data   RO         2234    .constdata          cpuport.o
    0x08012827   0x00000013   Data   RO         2301    .constdata          i2c_core.o
    0x0801283a   0x0000005e   Data   RO         2317    .constdata          i2c_dev.o
    0x08012898   0x0000007e   Data   RO         2345    .constdata          pin.o
    0x08012916   0x0000012a   Data   RO         2362    .constdata          serial.o
    0x08012a40   0x000000a3   Data   RO         2378    .constdata          spi_core.o
    0x08012ae3   0x00000081   Data   RO         2400    .constdata          spi_dev.o
    0x08012b64   0x0000006c   Data   RO         2414    .constdata          spi_flash_sfud.o
    0x08012bd0   0x000001e0   Data   RO         2458    .constdata          sfud.o
    0x08012db0   0x00000039   Data   RO         2502    .constdata          completion.o
    0x08012de9   0x0000004b   Data   RO         2518    .constdata          dataqueue.o
    0x08012e34   0x0000005b   Data   RO         2597    .constdata          shell.o
    0x08012e8f   0x00000001   PAD
    0x08012e90   0x00000050   Data   RO         2637    .constdata          cmd.o
    0x08012ee0   0x0000000e   Data   RO         2658    .constdata          msh.o
    0x08012eee   0x00000002   PAD
    0x08012ef0   0x00000008   Data   RO         2759    .constdata          c_w.l(_printf_wctomb.o)
    0x08012ef8   0x00000028   Data   RO         2788    .constdata          c_w.l(_printf_hex_int_ll_ptr.o)
    0x08012f20   0x00000011   Data   RO         2808    .constdata          c_w.l(__printf_flags_ss_wp.o)
    0x08012f31   0x00000026   Data   RO         2872    .constdata          c_w.l(_printf_fp_hex.o)
    0x08012f57   0x00000001   PAD
    0x08012f58   0x00000094   Data   RO         2897    .constdata          c_w.l(bigflt0.o)
    0x08012fec   0x000000ed   Data   RO         2082    .conststring        mem.o
    0x080130d9   0x00000003   PAD
    0x080130dc   0x000002c1   Data   RO         2415    .conststring        spi_flash_sfud.o
    0x0801339d   0x00000003   PAD
    0x080133a0   0x00000114   Data   RO         2459    .conststring        sfud.o
    0x080134b4   0x0000013f   Data   RO         2489    .conststring        sfud_sfdp.o
    0x080135f3   0x00000001   PAD
    0x080135f4   0x0000015d   Data   RO         2638    .conststring        cmd.o
    0x08013751   0x00000027   Data   RO         2084    .rodata.name        mem.o
    0x08013778   0x00000069   Data   RO         2346    .rodata.name        pin.o
    0x080137e1   0x0000001c   Data   RO         2417    .rodata.name        spi_flash_sfud.o
    0x080137fd   0x00000385   Data   RO         2639    .rodata.name        cmd.o
    0x08013b82   0x00000021   Data   RO         2659    .rodata.name        msh.o
    0x08013ba3   0x0000007b   Data   RO         2675    .rodata.name        msh_cmd.o
    0x08013c1e   0x00000002   PAD
    0x08013c20   0x00000004   Data   RO         1977    .rti_fn.0           components.o
    0x08013c24   0x00000004   Data   RO         1978    .rti_fn.0.end       components.o
    0x08013c28   0x00000004   Data   RO          378    .rti_fn.1           drv_gpio.o
    0x08013c2c   0x00000004   Data   RO          411    .rti_fn.1           drv_spi.o
    0x08013c30   0x00000004   Data   RO          440    .rti_fn.1           drv_usart.o
    0x08013c34   0x00000004   Data   RO         1979    .rti_fn.1.end       components.o
    0x08013c38   0x00000004   Data   RO         2302    .rti_fn.4           i2c_core.o
    0x08013c3c   0x00000004   Data   RO            4    .rti_fn.6           bsp_led.o
    0x08013c40   0x00000004   Data   RO          263    .rti_fn.6           app_nrf24l01.o
    0x08013c44   0x00000004   Data   RO          297    .rti_fn.6           app_command.o
    0x08013c48   0x00000004   Data   RO          477    .rti_fn.6           drv_nrf24.o
    0x08013c4c   0x00000004   Data   RO         2599    .rti_fn.6           shell.o
    0x08013c50   0x00000004   Data   RO         1980    .rti_fn.6.end       components.o
    0x08013c54   0x0000000c   Data   RO         2085    FSymTab             mem.o
    0x08013c60   0x00000024   Data   RO         2347    FSymTab             pin.o
    0x08013c84   0x0000000c   Data   RO         2418    FSymTab             spi_flash_sfud.o
    0x08013c90   0x00000120   Data   RO         2640    FSymTab             cmd.o
    0x08013db0   0x0000000c   Data   RO         2660    FSymTab             msh.o
    0x08013dbc   0x00000024   Data   RO         2676    FSymTab             msh_cmd.o
    0x08013de0   0x00000020   Data   RO         3068    Region$$Table       anon$$obj.o
    0x08013e00   0x00000110   Data   RO         2921    locale$$data        c_w.l(lc_ctype_c.o)
    0x08013f10   0x0000001c   Data   RO         2924    locale$$data        c_w.l(lc_numeric_c.o)


    Execution Region RW_IRAM1 (Base: 0x20000000, Size: 0x00002288, Max: 0x00020000, ABSOLUTE, COMPRESSED[0x00000068])

    Base Addr    Size         Type   Attr      Idx    E Section Name        Object

    0x20000000   0x00000005   Data   RW            3    .data               bsp_led.o
    0x20000005   0x00000002   Data   RW          262    .data               app_nrf24l01.o
    0x20000007   0x00000001   PAD
    0x20000008   0x000000c0   Data   RW          377    .data               drv_gpio.o
    0x200000c8   0x00000018   Data   RW          410    .data               drv_spi.o
    0x200000e0   0x00000004   Data   RW          476    .data               drv_nrf24.o
    0x200000e4   0x00000004   Data   RW          506    .data               system_stm32f4xx.o
    0x200000e8   0x00000004   Data   RW          543    .data               stm32f4xx_hal.o
    0x200000ec   0x00000004   Data   RW         1962    .data               clock.o
    0x200000f0   0x00000004   Data   RW         2010    .data               idle.o
    0x200000f4   0x00000009   Data   RW         2045    .data               irq.o
    0x200000fd   0x00000003   PAD
    0x20000100   0x0000000c   Data   RW         2062    .data               kservice.o
    0x2000010c   0x00000020   Data   RW         2083    .data               mem.o
    0x2000012c   0x000000b4   Data   RW         2142    .data               object.o
    0x200001e0   0x0000001c   Data   RW         2162    .data               scheduler.o
    0x200001fc   0x0000000c   Data   RW         2197    .data               thread.o
    0x20000208   0x00000010   Data   RW         2216    .data               timer.o
    0x20000218   0x00000010   Data   RW         2235    .data               cpuport.o
    0x20000228   0x0000000c   Data   RW         2416    .data               spi_flash_sfud.o
    0x20000234   0x00000004   Data   RW         2598    .data               shell.o
    0x20000238   0x00000010   Data   RW         2620    .data               symbol.o
    0x20000248   0x0000002c   Zero   RW            2    .bss                bsp_led.o
    0x20000274   0x00000144   Zero   RW          408    .bss                drv_spi.o
    0x200003b8   0x000001c8   Zero   RW          438    .bss                drv_usart.o
    0x20000580   0x0000004c   Zero   RW          474    .bss                drv_nrf24.o
    0x200005cc   0x00000280   Zero   RW         2008    .bss                idle.o
    0x2000084c   0x00000080   Zero   RW         2060    .bss                kservice.o
    0x200008cc   0x00000020   Zero   RW         2080    .bss                mem.o
    0x200008ec   0x00000100   Zero   RW         2160    .bss                scheduler.o
    0x200009ec   0x00000044   Zero   RW         2344    .bss                pin.o
    0x20000a30   0x00000080   Zero   RW         2413    .bss                spi_flash_sfud.o
    0x20000ab0   0x00000074   Zero   RW         2457    .bss                sfud.o
    0x20000b24   0x00001101   Zero   RW         2596    .bss                shell.o
    0x20001c25   0x00000003   PAD
    0x20001c28   0x00000060   Zero   RW         2844    .bss                c_w.l(libspace.o)
    0x20001c88   0x00000200   Zero   RW          533    HEAP                startup_stm32f407xx.o
    0x20001e88   0x00000400   Zero   RW          532    STACK               startup_stm32f407xx.o


==============================================================================

Image component sizes


      Code (inc. data)   RO Data    RW Data    ZI Data      Debug   Object Name

       204         76          4          0          0       1418   app_command.o
       136         44          4          2          0       1900   app_nrf24l01.o
       428         40          0          0          0       2331   board.o
       260         70          4          5         44      26500   bsp_led.o
       108          6          0          4          0       1632   clock.o
      3076       1336       1618          0          0      14415   cmd.o
       460        128         57          0          0       4275   completion.o
       216         42         36          0          0       2562   components.o
       272         26          0          0          0        812   context_rvds.o
       400        188         19         16          0       3751   cpuport.o
      1064        118         75          0          0       4833   dataqueue.o
       924        158        183          0          0       5406   device.o
      1352         44       1708        192          0       7358   drv_gpio.o
       772        134         32          4         76       3464   drv_nrf24.o
      1540        206         48         24        324       5361   drv_spi.o
      1268        164         76          0        456      30955   drv_usart.o
       328         36         23          0          0       3292   i2c_core.o
       388         64         94          0          0       2528   i2c_dev.o
       328         76         22          4        640       4565   idle.o
      5724        422        471          0          0      21539   ipc.o
       124         14          0          9          0       1944   irq.o
      2736        228        290         12        128      12480   kservice.o
         4          0          0          0          0     654803   main.o
      2292        644        358         32         32       5595   mem.o
       872        136         59          0          0       4324   msh.o
        34          0        159          0          0       2303   msh_cmd.o
       840        182        109        180          0       7708   object.o
       592         94        267          0         68       5051   pin.o
       772        150         78         28        256       6217   scheduler.o
      3204        412        298          0          0       9765   serial.o
      3192        712        756          0        116      16915   sfud.o
      1296        316        319          0          0       4011   sfud_sfdp.o
      2260        228         95          4       4353       5981   shell.o
      1544        114        163          0          0       5814   spi_core.o
       524        148        129          0          0       3491   spi_dev.o
      3652       1314        853         12        128      16815   spi_flash_sfud.o
        64         26        392          0       1536        936   startup_stm32f407xx.o
       420         32          0          4          0       5086   stm32f4xx_hal.o
       900         22          0          0          0      32494   stm32f4xx_hal_cortex.o
      2220         26          8          0          0       7161   stm32f4xx_hal_dma.o
       940         46          0          0          0       3643   stm32f4xx_hal_gpio.o
      2204         66          0          0          0       5223   stm32f4xx_hal_rcc.o
      5720        110          0          0          0      17721   stm32f4xx_hal_spi.o
      5038         50          0          0          0      16168   stm32f4xx_hal_uart.o
        16          0          0          0          0        856   stm32f4xx_it.o
         0          0          0         16          0       5017   symbol.o
       288         32         24          4          0       1809   system_stm32f4xx.o
      1680        296        185         12          0       9917   thread.o
      1116        100         92         16          0       8283   timer.o

    ----------------------------------------------------------------------
     63794       8876       9152        584       8160    1026428   Object Totals
         0          0         32          0          0          0   (incl. Generated)
         2          0         12          4          3          0   (incl. Padding)

    ----------------------------------------------------------------------

      Code (inc. data)   RO Data    RW Data    ZI Data      Debug   Library Member Name

        90          0          0          0          0          0   __dczerorl2.o
         8          0          0          0          0         68   __main.o
       392          4         17          0          0         92   __printf_flags_ss_wp.o
        14          0          0          0          0         68   __printf_wp.o
         0          0          0          0          0          0   __rtentry.o
        12          0          0          0          0          0   __rtentry2.o
         6          0          0          0          0          0   __rtentry4.o
        52          8          0          0          0          0   __scatter.o
        28          0          0          0          0          0   __scatter_zi.o
        28          0          0          0          0         68   _chval.o
         6          0          0          0          0          0   _printf_a.o
         6          0          0          0          0          0   _printf_c.o
        44          0          0          0          0        108   _printf_char.o
        48          6          0          0          0         96   _printf_char_common.o
        40          0          0          0          0         68   _printf_charcount.o
         6          0          0          0          0          0   _printf_d.o
       120         16          0          0          0         92   _printf_dec.o
         6          0          0          0          0          0   _printf_e.o
         6          0          0          0          0          0   _printf_f.o
      1050          0          0          0          0        216   _printf_fp_dec.o
       764          8         38          0          0        100   _printf_fp_hex.o
       128         16          0          0          0         84   _printf_fp_infnan.o
         6          0          0          0          0          0   _printf_g.o
       148          4         40          0          0        160   _printf_hex_int_ll_ptr.o
         6          0          0          0          0          0   _printf_i.o
       178          0          0          0          0         88   _printf_intcommon.o
        10          0          0          0          0          0   _printf_l.o
         6          0          0          0          0          0   _printf_lc.o
        10          0          0          0          0          0   _printf_ll.o
         6          0          0          0          0          0   _printf_lld.o
         6          0          0          0          0          0   _printf_lli.o
         6          0          0          0          0          0   _printf_llo.o
         6          0          0          0          0          0   _printf_llu.o
         6          0          0          0          0          0   _printf_llx.o
       124         16          0          0          0         92   _printf_longlong_dec.o
         6          0          0          0          0          0   _printf_ls.o
         6          0          0          0          0          0   _printf_n.o
         6          0          0          0          0          0   _printf_o.o
       112         10          0          0          0        124   _printf_oct_int_ll.o
         6          0          0          0          0          0   _printf_p.o
        78          0          0          0          0        108   _printf_pad.o
         0          0          0          0          0          0   _printf_percent.o
         4          0          0          0          0          0   _printf_percent_end.o
         6          0          0          0          0          0   _printf_s.o
        82          0          0          0          0         80   _printf_str.o
        36          0          0          0          0         84   _printf_truncate.o
         6          0          0          0          0          0   _printf_u.o
        44          0          0          0          0        108   _printf_wchar.o
       188          6          8          0          0         92   _printf_wctomb.o
         6          0          0          0          0          0   _printf_x.o
        16          0          0          0          0         68   _snputc.o
        10          0          0          0          0         68   _sputc.o
       158          0          0          0          0         92   _strtoul.o
        64          0          0          0          0         92   _wcrtomb.o
        26          0          0          0          0         80   atoi.o
        26          0          0          0          0         80   atol.o
       220          4        148          0          0         96   bigflt0.o
      1910        128          0          0          0        672   btod.o
        18          0          0          0          0         80   exit.o
         6          0          0          0          0        152   heapauxi.o
         0          0          0          0          0          0   indicate_semi.o
        44         10        272          0          0         76   lc_ctype_c.o
        44         10         28          0          0         76   lc_numeric_c.o
         2          0          0          0          0          0   libinit.o
        34          0          0          0          0          0   libinit2.o
         2          0          0          0          0          0   libshutdown.o
         2          0          0          0          0          0   libshutdown2.o
         8          4          0          0         96         68   libspace.o
       138          0          0          0          0         80   lludiv10.o
       238          0          0          0          0        100   lludivv7m.o
        88          0          0          0          0         76   memcmp.o
        16          4          0          0          0         76   rt_ctype_table.o
         8          4          0          0          0         68   rt_errno_addr_intlibspace.o
         8          4          0          0          0         68   rt_locale_intlibspace.o
        68          0          0          0          0         68   rt_memclr.o
        78          0          0          0          0         80   rt_memclr_w.o
       138          0          0          0          0         68   rt_memcpy_v6.o
       100          0          0          0          0         80   rt_memcpy_w.o
         2          0          0          0          0          0   rtexit.o
        10          0          0          0          0          0   rtexit2.o
        24          0          0          0          0         68   strcat.o
       128          0          0          0          0         68   strcmpv7m.o
        72          0          0          0          0         80   strcpy.o
        62          0          0          0          0         76   strlen.o
       150          0          0          0          0         80   strncmp.o
       112          0          0          0          0         88   strtol.o
        12          4          0          0          0         68   sys_exit.o
        74          0          0          0          0         80   sys_stackheap_outer.o
         2          0          0          0          0         68   use_no_semi.o
        52          4          0          0          0         80   vsnprintf.o
        10          0          0          0          0        116   fpinit.o
         4          0          0          0          0        116   printf1.o
         4          0          0          0          0        116   printf2.o
         0          0          0          0          0          0   usenofp.o
        48          0          0          0          0        124   fpclassify.o

    ----------------------------------------------------------------------
      8210        270        552          0         96       5688   Library Totals
        16          0          1          0          0          0   (incl. Padding)

    ----------------------------------------------------------------------

      Code (inc. data)   RO Data    RW Data    ZI Data      Debug   Library Name

      8128        270        551          0         96       5216   c_w.l
        18          0          0          0          0        348   fz_wm.l
        48          0          0          0          0        124   m_wm.l

    ----------------------------------------------------------------------
      8210        270        552          0         96       5688   Library Totals

    ----------------------------------------------------------------------

==============================================================================


      Code (inc. data)   RO Data    RW Data    ZI Data      Debug   

     72004       9146       9704        584       8256    1019052   Grand Totals
     72004       9146       9704        104       8256    1019052   ELF Image Totals (compressed)
     72004       9146       9704        104          0          0   ROM Totals

==============================================================================

    Total RO  Size (Code + RO Data)                81708 (  79.79kB)
    Total RW  Size (RW Data + ZI Data)              8840 (   8.63kB)
    Total ROM Size (Code + RO Data + RW Data)      81812 (  79.89kB)

==============================================================================

